
######################################################################
# run started 2026-10-04T21:06:26
# command: ./build/dhj --mode ra_discount --dynamics bicycle --a-max 0.2 --v-max 1 --dt 0.3 --tau 0.3 --initial-resolution 5 --epsilon 0.1 --delta-min 1e-8 --phase0-tol 1e-8 --delta-max 1e-8 --gamma 0.96 --refinements 8 --vi-iterations 20000 --checkpoint-every 0 --keep-checkpoints 0 --plot-dpi 300 --workers 12 --results-root /Users/i.k.tabbara/Documents/python directory/HSCC_2027/refactored_Implementations/results_hscc_2027_modified_init
# cwd: /Users/i.k.tabbara/Documents/python directory/HSCC_2027/refactored_Implementations/cpp
######################################################################
DISCRETE HJ REACH-AVOID SOLVER (C++)
Mode: ra_discount (RA_discount.py semantics)
Algorithm: 2, Workers: 12
Output directory: /Users/i.k.tabbara/Documents/python directory/HSCC_2027/refactored_Implementations/results_hscc_2027_modified_init/ra_discount/bicycle_res5_eps0.1_dmin1e-08_dmax1e-08_gamma0.96_dt0.3_tau0.3_std
Conservative mode: False
Dynamics: bicycle (5-D)
  Time discretization: 1 steps of dt=0.3 s over tau=0.3 s
======================================================================
ALGORITHM 2/3: Adaptive Refinement
======================================================================
Environment: bicycle
Initializing grid with resolution 5^5...
  Building spatial index for 3125 cells...
   Spatial index built in 0.00s

Gronwall Reachability Initialized:
  Lipschitz constant L = 2.15218
  Checkpoint interval dt = 0.3
  Control horizon tau = 0.3
  Number of checkpoints = 1
  Checkpoint times: ['0.300']
  Growth factors: ['1.907234']
Initialized with gamma=0.96, L_f=2.15218, L_l=1.41421,  L_r=1.41421
Contraction factor: gamma*L_f = 2.0661
Using 12 parallel workers

======================================================================
ADAPTIVE REFINEMENT CONFIGURATION
======================================================================
  Error tolerance eps: 0.1
  Minimum cell size eta_min: 0.035355
  Maximum refinements: 8
  VI iterations per refinement: 20000
  Conservative mode: False

======================================================================
PHASE 0: INITIAL VALUE ITERATION
======================================================================
Grid: 3125 cells
  Precomputing successor sets...

Precomputing successor sets with HYBRID approach...
  Step 1: Computing 28125 trajectories in parallel...
   Trajectories + spatial queries computed in 0.02s (1189257.6 tasks/s)
    Breakdown: 26.9% ODE, 73.1% queries

Starting OPTIMIZED PARALLEL value iteration (max 20000 iterations)...
Conservative mode: False
Convergence tolerance: 1e-08
Number of cells: 3125
Iteration   1: ||V_upper^k - V_upper^k-1||_inf = 0.11930756549308396686, ||V_lower^k - V_lower^k-1||_inf = 0.23379062935652683564
Iteration   2: ||V_upper^k - V_upper^k-1||_inf = 0.11453526287336091016, ||V_lower^k - V_lower^k-1||_inf = 0.22443900418226636617
Iteration   3: ||V_upper^k - V_upper^k-1||_inf = 0.10995385235842647376, ||V_lower^k - V_lower^k-1||_inf = 0.21546144401497535625
Iteration   4: ||V_upper^k - V_upper^k-1||_inf = 0.10555569826408905953, ||V_lower^k - V_lower^k-1||_inf = 0.20684298625437591568
Iteration   5: ||V_upper^k - V_upper^k-1||_inf = 0.10133347033352579913, ||V_lower^k - V_lower^k-1||_inf = 0.19856926680420095011
Iteration   6: ||V_upper^k - V_upper^k-1||_inf = 0.09728013152018455401, ||V_lower^k - V_lower^k-1||_inf = 0.19062649613203319632
Iteration   7: ||V_upper^k - V_upper^k-1||_inf = 0.09338892625937722514, ||V_lower^k - V_lower^k-1||_inf = 0.18300143628675158425
Iteration   8: ||V_upper^k - V_upper^k-1||_inf = 0.08965336920900224271, ||V_lower^k - V_lower^k-1||_inf = 0.17568137883528134324
Iteration   9: ||V_upper^k - V_upper^k-1||_inf = 0.08606723444064190431, ||V_lower^k - V_lower^k-1||_inf = 0.16865412368187016057
Iteration  10: ||V_upper^k - V_upper^k-1||_inf = 0.08262454506301653012, ||V_lower^k - V_lower^k-1||_inf = 0.16190795873459551402
Iteration  11: ||V_upper^k - V_upper^k-1||_inf = 0.07931956326049571793, ||V_lower^k - V_lower^k-1||_inf = 0.15543164038521206649
Iteration  12: ||V_upper^k - V_upper^k-1||_inf = 0.07614678073007596915, ||V_lower^k - V_lower^k-1||_inf = 0.14921437476980337067
Iteration  13: ||V_upper^k - V_upper^k-1||_inf = 0.07310090950087277939, ||V_lower^k - V_lower^k-1||_inf = 0.14324579977901130690
Iteration  14: ||V_upper^k - V_upper^k-1||_inf = 0.07017687312083786821, ||V_lower^k - V_lower^k-1||_inf = 0.13751596778785080133
Iteration  15: ||V_upper^k - V_upper^k-1||_inf = 0.06736979819600441566, ||V_lower^k - V_lower^k-1||_inf = 0.13201532907633684033
Iteration  16: ||V_upper^k - V_upper^k-1||_inf = 0.06467500626816424791, ||V_lower^k - V_lower^k-1||_inf = 0.12673471591328322461
Iteration  17: ||V_upper^k - V_upper^k-1||_inf = 0.06208800601743780234, ||V_lower^k - V_lower^k-1||_inf = 0.12166532727675205550
Iteration  18: ||V_upper^k - V_upper^k-1||_inf = 0.05960448577674015702, ||V_lower^k - V_lower^k-1||_inf = 0.11679871418568188446
Iteration  19: ||V_upper^k - V_upper^k-1||_inf = 0.05722030634567065732, ||V_lower^k - V_lower^k-1||_inf = 0.11212676561825452026
Iteration  20: ||V_upper^k - V_upper^k-1||_inf = 0.05493149409184372445, ||V_lower^k - V_lower^k-1||_inf = 0.10764169499352416182
Iteration  21: ||V_upper^k - V_upper^k-1||_inf = 0.05273423432817003764, ||V_lower^k - V_lower^k-1||_inf = 0.10333602719378331969
Iteration  22: ||V_upper^k - V_upper^k-1||_inf = 0.05062486495504314732, ||V_lower^k - V_lower^k-1||_inf = 0.09920258610603216454
Iteration  23: ||V_upper^k - V_upper^k-1||_inf = 0.04859987035684154577, ||V_lower^k - V_lower^k-1||_inf = 0.09523448266179057597
Iteration  24: ||V_upper^k - V_upper^k-1||_inf = 0.04665587554256789282, ||V_lower^k - V_lower^k-1||_inf = 0.09142510335531905952
Iteration  25: ||V_upper^k - V_upper^k-1||_inf = 0.02529292102012625776, ||V_lower^k - V_lower^k-1||_inf = 0.08776809922110651030
Iteration  26: ||V_upper^k - V_upper^k-1||_inf = 0.00000000000000000000, ||V_lower^k - V_lower^k-1||_inf = 0.08425737525226217883
Iteration  27: ||V_upper^k - V_upper^k-1||_inf = 0.00000000000000000000, ||V_lower^k - V_lower^k-1||_inf = 0.00518482289293853427
Iteration  28: ||V_upper^k - V_upper^k-1||_inf = 0.00000000000000000000, ||V_lower^k - V_lower^k-1||_inf = 0.00000000000000000000

==================================================
 STANDARD CONVERGENCE ACHIEVED
==================================================
  ||V_upper^k - V_upper^k-1||_inf = 0.00000000000000000000e+00 < tolerance = 1e-08
  ||V_lower^k - V_lower^k-1||_inf = 0.00000000000000000000e+00 < tolerance = 1e-08
  Converged in 28 iterations
  V_lower increased from min(l_lower, r_lower); smallest step 0.000e+00

Value iteration completed in 28 iterations
total time for running value_iteration the first time (phase 0) on the initial grid including grid initialization, setting up cpu parallelism, successor set computation and value iteration is 0.563673 seconds
Initial VI completed in 28 iterations
Final convergence: ||V_upper||_inf = 0.00000000e+00, ||V_lower||_inf = 0.00000000e+00
Saved initial visualization: /Users/i.k.tabbara/Documents/python directory/HSCC_2027/refactored_Implementations/results_hscc_2027_modified_init/ra_discount/bicycle_res5_eps0.1_dmin1e-08_dmax1e-08_gamma0.96_dt0.3_tau0.3_std/value_function_phase_0_complete.png

Classification after phase 0:
  Safe:                0 cells (  0.0%),    0.0% of state space
  Unsafe:            125 cells (  4.0%),    4.0% of state space
  Unclassified:     3000 cells ( 96.0%),   96.0% of state space

======================================================================
INITIAL QUEUE STATE
======================================================================
Total boundary cells: 3000
  Refinable (>eta_min=0.035355): 3000
  Below threshold: 0

======================================================================
REFINEMENT PHASE 1
======================================================================
Boundary cells: 3000
  Refinable (>eta_min=0.035355): 3000
  Below threshold: 0
  Cumulative refined: 0
  Refinable cell size statistics:
    Max:    1.256637
    Mean:   1.256637
    Min:    1.256637
    Median: 1.256637
  Refining 3000 cells...
    Refined: 3000 parent cells
    Created: 6000 child cells
    Total cells: 6125
    Refinement time: 0.000s
    Cumulative refined: 3000
  Rebuilding spatial index...
  Building spatial index for 6125 cells...
   Spatial index built in 0.00s
    Spatial index rebuilt in 0.001s
  Initializing 6000 new cells...
  Initializing 6000 new cells in parallel...
   Initialized in 0.00s (60049841.4 cells/s)
    Initialization completed in 0.000s
  Starting local value iteration...
  Reinitializing ALL 6125 cells (V_lower = min(l, r), V_upper = l)
   Reinitialized 6125 cells in 0.00s (104328126.9 cells/s)
  Local VI: updating all 6125 cells
    Conservative mode: False
    Convergence tolerance: 1e-08
    Max iterations: 20000
    Updating successor cache for 6000 updated cells...
    Updating successor cache for 6000 new cells (HYBRID)...
      Affected cells: 6125
   Trajectories + spatial queries computed in 0.07s (775821.6 tasks/s)
    Breakdown: 18.2% ODE, 81.8% queries
     Cache updated in 0.07s (765092.4 tasks/s)
    Local Iteration   1: ||V_upper^k - V_upper^k-1||_inf = 0.11770562748477164661, ||V_lower^k - V_lower^k-1||_inf = 0.23218869134821407130
    Local Iteration   2: ||V_upper^k - V_upper^k-1||_inf = 0.11299740238538058534, ||V_lower^k - V_lower^k-1||_inf = 0.22290114369428604135
    Local Iteration   3: ||V_upper^k - V_upper^k-1||_inf = 0.10847750628996521982, ||V_lower^k - V_lower^k-1||_inf = 0.21398509794651410232
    Local Iteration   4: ||V_upper^k - V_upper^k-1||_inf = 0.10413840603836677090, ||V_lower^k - V_lower^k-1||_inf = 0.20542569402865407113
    Local Iteration   5: ||V_upper^k - V_upper^k-1||_inf = 0.09997286979683206454, ||V_lower^k - V_lower^k-1||_inf = 0.19720866626750765960
    Local Iteration   6: ||V_upper^k - V_upper^k-1||_inf = 0.09597395500495897736, ||V_lower^k - V_lower^k-1||_inf = 0.18932031961680717558
    Local Iteration   7: ||V_upper^k - V_upper^k-1||_inf = 0.09213499680476067155, ||V_lower^k - V_lower^k-1||_inf = 0.18174750683213503066
    Local Iteration   8: ||V_upper^k - V_upper^k-1||_inf = 0.08844959693256981836, ||V_lower^k - V_lower^k-1||_inf = 0.17447760655884980707
    Local Iteration   9: ||V_upper^k - V_upper^k-1||_inf = 0.08491161305526739866, ||V_lower^k - V_lower^k-1||_inf = 0.16749850229649521083
    Local Iteration  10: ||V_upper^k - V_upper^k-1||_inf = 0.08151514853305652508, ||V_lower^k - V_lower^k-1||_inf = 0.16079856220463595307
    Local Iteration  11: ||V_upper^k - V_upper^k-1||_inf = 0.07825454259173425520, ||V_lower^k - V_lower^k-1||_inf = 0.15436661971645015967
    Local Iteration  12: ||V_upper^k - V_upper^k-1||_inf = 0.07512436088806495604, ||V_lower^k - V_lower^k-1||_inf = 0.14819195492779213552
    Local Iteration  13: ||V_upper^k - V_upper^k-1||_inf = 0.07211938645254223346, ||V_lower^k - V_lower^k-1||_inf = 0.14226427673068053892
    Local Iteration  14: ||V_upper^k - V_upper^k-1||_inf = 0.06923461099444061517, ||V_lower^k - V_lower^k-1||_inf = 0.13657370566145354829
    Local Iteration  15: ||V_upper^k - V_upper^k-1||_inf = 0.06646522655466302609, ||V_lower^k - V_lower^k-1||_inf = 0.13111075743499522872
    Local Iteration  16: ||V_upper^k - V_upper^k-1||_inf = 0.06380661749247651393, ||V_lower^k - V_lower^k-1||_inf = 0.12586632713759549063
    Local Iteration  17: ||V_upper^k - V_upper^k-1||_inf = 0.06125435279277735567, ||V_lower^k - V_lower^k-1||_inf = 0.12083167405209138678
    Local Iteration  18: ||V_upper^k - V_upper^k-1||_inf = 0.05880417868106624368, ||V_lower^k - V_lower^k-1||_inf = 0.11599840709000774908
    Local Iteration  19: ||V_upper^k - V_upper^k-1||_inf = 0.05645201153382362058, ||V_lower^k - V_lower^k-1||_inf = 0.11135847080640770557
    Local Iteration  20: ||V_upper^k - V_upper^k-1||_inf = 0.05419393107247061359, ||V_lower^k - V_lower^k-1||_inf = 0.10690413197415127300
    Local Iteration  21: ||V_upper^k - V_upper^k-1||_inf = 0.05202617382957197556, ||V_lower^k - V_lower^k-1||_inf = 0.10262796669518525761
    Local Iteration  22: ||V_upper^k - V_upper^k-1||_inf = 0.04994512687638907877, ||V_lower^k - V_lower^k-1||_inf = 0.09852284802737765190
    Local Iteration  23: ||V_upper^k - V_upper^k-1||_inf = 0.04794732180133354227, ||V_lower^k - V_lower^k-1||_inf = 0.09458193410628279452
    Local Iteration  24: ||V_upper^k - V_upper^k-1||_inf = 0.04602942892928019170, ||V_lower^k - V_lower^k-1||_inf = 0.09079865674203135839
    Local Iteration  25: ||V_upper^k - V_upper^k-1||_inf = 0.04418825177210883304, ||V_lower^k - V_lower^k-1||_inf = 0.08716671047235013958
    Local Iteration  26: ||V_upper^k - V_upper^k-1||_inf = 0.00008496394645240990, ||V_lower^k - V_lower^k-1||_inf = 0.07500886817505181270
    Local Iteration  27: ||V_upper^k - V_upper^k-1||_inf = 0.00000000000000000000, ||V_lower^k - V_lower^k-1||_inf = 0.00000000000000000000

==================================================
 LOCAL CONVERGENCE ACHIEVED
==================================================
  ||V_upper^k - V_upper^k-1||_inf = 0.00000000000000000000e+00 < tolerance = 1e-08
  ||V_lower^k - V_lower^k-1||_inf = 0.00000000000000000000e+00 < tolerance = 1e-08
  Converged in 27 iterations
  V_lower increased from min(l_lower, r_lower); smallest step 0.000e+00
    Local VI completed in 27 iterations
    Final convergence values:
      ||V_upper^final - V_upper^prev||_inf = 0.00000000e+00
      ||V_lower^final - V_lower^prev||_inf = 0.00000000e+00
  Local VI completed in 27 iterations, time: 0.232s
    Final ||V_upper^k - V_upper^k-1||_inf = 0.00000000000000000000e+00
    Final ||V_lower^k - V_lower^k-1||_inf = 0.00000000000000000000e+00
  Saved visualization: /Users/i.k.tabbara/Documents/python directory/HSCC_2027/refactored_Implementations/results_hscc_2027_modified_init/ra_discount/bicycle_res5_eps0.1_dmin1e-08_dmax1e-08_gamma0.96_dt0.3_tau0.3_std/value_function_phase_1_complete.png
  Phase 1 completed in 0.73s with 6125 leaf cells

Classification after phase 1:
  Safe:                0 cells (  0.0%),    0.0% of state space
  Unsafe:            125 cells (  2.0%),    4.0% of state space
  Unclassified:     6000 cells ( 98.0%),   96.0% of state space

======================================================================
REFINEMENT PHASE 2
======================================================================
Boundary cells: 6000
  Refinable (>eta_min=0.035355): 6000
  Below threshold: 0
  Cumulative refined: 3000
  Refinable cell size statistics:
    Max:    1.200000
    Mean:   1.200000
    Min:    1.200000
    Median: 1.200000
  Refining 6000 cells...
    Refined: 6000 parent cells
    Created: 12000 child cells
    Total cells: 12125
    Refinement time: 0.001s
    Cumulative refined: 9000
  Rebuilding spatial index...
  Building spatial index for 12125 cells...
   Spatial index built in 0.00s
    Spatial index rebuilt in 0.002s
  Initializing 12000 new cells...
  Initializing 12000 new cells in parallel...
   Initialized in 0.00s (133953986.8 cells/s)
    Initialization completed in 0.000s
  Starting local value iteration...
  Reinitializing ALL 12125 cells (V_lower = min(l, r), V_upper = l)
   Reinitialized 12125 cells in 0.00s (220956719.8 cells/s)
  Local VI: updating all 12125 cells
    Conservative mode: False
    Convergence tolerance: 1e-08
    Max iterations: 20000
    Updating successor cache for 12000 updated cells...
    Updating successor cache for 12000 new cells (HYBRID)...
      Affected cells: 12125
   Trajectories + spatial queries computed in 0.28s (382903.9 tasks/s)
    Breakdown: 11.5% ODE, 88.5% queries
     Cache updated in 0.29s (374850.9 tasks/s)
    Local Iteration   1: ||V_upper^k - V_upper^k-1||_inf = 0.12644026044246192697, ||V_lower^k - V_lower^k-1||_inf = 0.24302626250937642283
    Local Iteration   2: ||V_upper^k - V_upper^k-1||_inf = 0.12138265002476344989, ||V_lower^k - V_lower^k-1||_inf = 0.23330521200900111722
    Local Iteration   3: ||V_upper^k - V_upper^k-1||_inf = 0.11652734402377307177, ||V_lower^k - V_lower^k-1||_inf = 0.22397300352864135675
    Local Iteration   4: ||V_upper^k - V_upper^k-1||_inf = 0.11186625026282204232, ||V_lower^k - V_lower^k-1||_inf = 0.21501408338749516957
    Local Iteration   5: ||V_upper^k - V_upper^k-1||_inf = 0.10739160025230898299, ||V_lower^k - V_lower^k-1||_inf = 0.20641352005199564701
    Local Iteration   6: ||V_upper^k - V_upper^k-1||_inf = 0.10309593624221680130, ||V_lower^k - V_lower^k-1||_inf = 0.19815697924991582113
    Local Iteration   7: ||V_upper^k - V_upper^k-1||_inf = 0.09897209879252821807, ||V_lower^k - V_lower^k-1||_inf = 0.19023070007991904617
    Local Iteration   8: ||V_upper^k - V_upper^k-1||_inf = 0.09501321484082714264, ||V_lower^k - V_lower^k-1||_inf = 0.18262147207672274618
    Local Iteration   9: ||V_upper^k - V_upper^k-1||_inf = 0.09121268624719380824, ||V_lower^k - V_lower^k-1||_inf = 0.17531661319365365870
    Local Iteration  10: ||V_upper^k - V_upper^k-1||_inf = 0.08756417879730626908, ||V_lower^k - V_lower^k-1||_inf = 0.16830394866590747682
    Local Iteration  11: ||V_upper^k - V_upper^k-1||_inf = 0.08406161164541403608, ||V_lower^k - V_lower^k-1||_inf = 0.16157179071927085801
    Local Iteration  12: ||V_upper^k - V_upper^k-1||_inf = 0.08069914717959725259, ||V_lower^k - V_lower^k-1||_inf = 0.15510891909049995263
    Local Iteration  13: ||V_upper^k - V_upper^k-1||_inf = 0.07747118129241337137, ||V_lower^k - V_lower^k-1||_inf = 0.14890456232688009663
    Local Iteration  14: ||V_upper^k - V_upper^k-1||_inf = 0.07437233404071674769, ||V_lower^k - V_lower^k-1||_inf = 0.14294837983380492830
    Local Iteration  15: ||V_upper^k - V_upper^k-1||_inf = 0.07139744067908826430, ||V_lower^k - V_lower^k-1||_inf = 0.13723044464045264235
    Local Iteration  16: ||V_upper^k - V_upper^k-1||_inf = 0.06854154305192472485, ||V_lower^k - V_lower^k-1||_inf = 0.13174122685483480311
    Local Iteration  17: ||V_upper^k - V_upper^k-1||_inf = 0.06579988132984770921, ||V_lower^k - V_lower^k-1||_inf = 0.12647157778064110900
    Local Iteration  18: ||V_upper^k - V_upper^k-1||_inf = 0.06316788607665380084, ||V_lower^k - V_lower^k-1||_inf = 0.12141271466941550017
    Local Iteration  19: ||V_upper^k - V_upper^k-1||_inf = 0.06064117063358764881, ||V_lower^k - V_lower^k-1||_inf = 0.11655620608263905780
    Local Iteration  20: ||V_upper^k - V_upper^k-1||_inf = 0.05821552380824401851, ||V_lower^k - V_lower^k-1||_inf = 0.11189395783933342443
    Local Iteration  21: ||V_upper^k - V_upper^k-1||_inf = 0.05588690285591435547, ||V_lower^k - V_lower^k-1||_inf = 0.10741819952575992758
    Local Iteration  22: ||V_upper^k - V_upper^k-1||_inf = 0.05365142674167766579, ||V_lower^k - V_lower^k-1||_inf = 0.10312147154472972588
    Local Iteration  23: ||V_upper^k - V_upper^k-1||_inf = 0.05150536967201069238, ||V_lower^k - V_lower^k-1||_inf = 0.09899661268294046579
    Local Iteration  24: ||V_upper^k - V_upper^k-1||_inf = 0.04944515488513023804, ||V_lower^k - V_lower^k-1||_inf = 0.09503674817562268728
    Local Iteration  25: ||V_upper^k - V_upper^k-1||_inf = 0.04746734868972501964, ||V_lower^k - V_lower^k-1||_inf = 0.09123527824859811730
    Local Iteration  26: ||V_upper^k - V_upper^k-1||_inf = 0.04556865474213589451, ||V_lower^k - V_lower^k-1||_inf = 0.08758586711865401497
    Local Iteration  27: ||V_upper^k - V_upper^k-1||_inf = 0.04374590855245052978, ||V_lower^k - V_lower^k-1||_inf = 0.08408243243390778332
    Local Iteration  28: ||V_upper^k - V_upper^k-1||_inf = 0.04199607221035250859, ||V_lower^k - V_lower^k-1||_inf = 0.08071913513655148975
    Local Iteration  29: ||V_upper^k - V_upper^k-1||_inf = 0.04031622932193845710, ||V_lower^k - V_lower^k-1||_inf = 0.00094674744233791408
    Local Iteration  30: ||V_upper^k - V_upper^k-1||_inf = 0.03111101804572735663, ||V_lower^k - V_lower^k-1||_inf = 0.00000000000000000000
    Local Iteration  31: ||V_upper^k - V_upper^k-1||_inf = 0.00000000000000000000, ||V_lower^k - V_lower^k-1||_inf = 0.00000000000000000000

==================================================
 LOCAL CONVERGENCE ACHIEVED
==================================================
  ||V_upper^k - V_upper^k-1||_inf = 0.00000000000000000000e+00 < tolerance = 1e-08
  ||V_lower^k - V_lower^k-1||_inf = 0.00000000000000000000e+00 < tolerance = 1e-08
  Converged in 31 iterations
  V_lower increased from min(l_lower, r_lower); smallest step 0.000e+00
    Local VI completed in 31 iterations
    Final convergence values:
      ||V_upper^final - V_upper^prev||_inf = 0.00000000e+00
      ||V_lower^final - V_lower^prev||_inf = 0.00000000e+00
  Local VI completed in 31 iterations, time: 0.822s
    Final ||V_upper^k - V_upper^k-1||_inf = 0.00000000000000000000e+00
    Final ||V_lower^k - V_lower^k-1||_inf = 0.00000000000000000000e+00
  Saved visualization: /Users/i.k.tabbara/Documents/python directory/HSCC_2027/refactored_Implementations/results_hscc_2027_modified_init/ra_discount/bicycle_res5_eps0.1_dmin1e-08_dmax1e-08_gamma0.96_dt0.3_tau0.3_std/value_function_phase_2_complete.png
  Phase 2 completed in 1.32s with 12125 leaf cells

Classification after phase 2:
  Safe:                0 cells (  0.0%),    0.0% of state space
  Unsafe:            125 cells (  1.0%),    4.0% of state space
  Unclassified:    12000 cells ( 99.0%),   96.0% of state space

======================================================================
REFINEMENT PHASE 3
======================================================================
Boundary cells: 12000
  Refinable (>eta_min=0.035355): 12000
  Below threshold: 0
  Cumulative refined: 9000
  Refinable cell size statistics:
    Max:    1.200000
    Mean:   1.200000
    Min:    1.200000
    Median: 1.200000
  Refining 12000 cells...
    Refined: 12000 parent cells
    Created: 24000 child cells
    Total cells: 24125
    Refinement time: 0.001s
    Cumulative refined: 21000
  Rebuilding spatial index...
  Building spatial index for 24125 cells...
   Spatial index built in 0.00s
    Spatial index rebuilt in 0.005s
  Initializing 24000 new cells...
  Initializing 24000 new cells in parallel...
   Initialized in 0.00s (174757705.7 cells/s)
    Initialization completed in 0.000s
  Starting local value iteration...
  Reinitializing ALL 24125 cells (V_lower = min(l, r), V_upper = l)
   Reinitialized 24125 cells in 0.00s (173977947.2 cells/s)
  Local VI: updating all 24125 cells
    Conservative mode: False
    Convergence tolerance: 1e-08
    Max iterations: 20000
    Updating successor cache for 24000 updated cells...
    Updating successor cache for 24000 new cells (HYBRID)...
      Affected cells: 24125
   Trajectories + spatial queries computed in 0.26s (824299.9 tasks/s)
    Breakdown: 20.9% ODE, 79.1% queries
     Cache updated in 0.29s (752532.3 tasks/s)
    Local Iteration   1: ||V_upper^k - V_upper^k-1||_inf = 0.11850659648892802878, ||V_lower^k - V_lower^k-1||_inf = 0.23213876495727792104
    Local Iteration   2: ||V_upper^k - V_upper^k-1||_inf = 0.11376633262937074775, ||V_lower^k - V_lower^k-1||_inf = 0.22285321435898630682
    Local Iteration   3: ||V_upper^k - V_upper^k-1||_inf = 0.10921567932419584679, ||V_lower^k - V_lower^k-1||_inf = 0.21393908578462728087
    Local Iteration   4: ||V_upper^k - V_upper^k-1||_inf = 0.10484705215122813726, ||V_lower^k - V_lower^k-1||_inf = 0.20538152235324247386
    Local Iteration   5: ||V_upper^k - V_upper^k-1||_inf = 0.10065317006517915388, ||V_lower^k - V_lower^k-1||_inf = 0.19716626145911231305
    Local Iteration   6: ||V_upper^k - V_upper^k-1||_inf = 0.09662704326257198773, ||V_lower^k - V_lower^k-1||_inf = 0.18927961100074774947
    Local Iteration   7: ||V_upper^k - V_upper^k-1||_inf = 0.09276196153206894834, ||V_lower^k - V_lower^k-1||_inf = 0.18170842656071783949
    Local Iteration   8: ||V_upper^k - V_upper^k-1||_inf = 0.08905148307078603054, ||V_lower^k - V_lower^k-1||_inf = 0.17444008949828937460
    Local Iteration   9: ||V_upper^k - V_upper^k-1||_inf = 0.08548942374795487353, ||V_lower^k - V_lower^k-1||_inf = 0.16746248591835755093
    Local Iteration  10: ||V_upper^k - V_upper^k-1||_inf = 0.08206984679803652760, ||V_lower^k - V_lower^k-1||_inf = 0.16076398648162326666
    Local Iteration  11: ||V_upper^k - V_upper^k-1||_inf = 0.07878705292611498656, ||V_lower^k - V_lower^k-1||_inf = 0.15433342702235819388
    Local Iteration  12: ||V_upper^k - V_upper^k-1||_inf = 0.07563557080907035157, ||V_lower^k - V_lower^k-1||_inf = 0.14816008994146390165
    Local Iteration  13: ||V_upper^k - V_upper^k-1||_inf = 0.07261014797670761745, ||V_lower^k - V_lower^k-1||_inf = 0.14223368634380539888
    Local Iteration  14: ||V_upper^k - V_upper^k-1||_inf = 0.06970574205763924169, ||V_lower^k - V_lower^k-1||_inf = 0.13654433889005312963
    Local Iteration  15: ||V_upper^k - V_upper^k-1||_inf = 0.06691751237533383190, ||V_lower^k - V_lower^k-1||_inf = 0.13108256533445095116
    Local Iteration  16: ||V_upper^k - V_upper^k-1||_inf = 0.06424081188032038092, ||V_lower^k - V_lower^k-1||_inf = 0.12583926272107293087
    Local Iteration  17: ||V_upper^k - V_upper^k-1||_inf = 0.06167117940510746799, ||V_lower^k - V_lower^k-1||_inf = 0.12080569221223003140
    Local Iteration  18: ||V_upper^k - V_upper^k-1||_inf = 0.05920433222890331137, ||V_lower^k - V_lower^k-1||_inf = 0.11597346452374113213
    Local Iteration  19: ||V_upper^k - V_upper^k-1||_inf = 0.05683615893974702793, ||V_lower^k - V_lower^k-1||_inf = 0.11133452594279136250
    Local Iteration  20: ||V_upper^k - V_upper^k-1||_inf = 0.05456271258215728004, ||V_lower^k - V_lower^k-1||_inf = 0.10688114490507949483
    Local Iteration  21: ||V_upper^k - V_upper^k-1||_inf = 0.05238020407887100660, ||V_lower^k - V_lower^k-1||_inf = 0.10260589910887629728
    Local Iteration  22: ||V_upper^k - V_upper^k-1||_inf = 0.05028499591571611305, ||V_lower^k - V_lower^k-1||_inf = 0.09850166314452124539
    Local Iteration  23: ||V_upper^k - V_upper^k-1||_inf = 0.04827359607908743300, ||V_lower^k - V_lower^k-1||_inf = 0.09456159661874075084
    Local Iteration  24: ||V_upper^k - V_upper^k-1||_inf = 0.04634265223592404226, ||V_lower^k - V_lower^k-1||_inf = 0.09077913275399085435
    Local Iteration  25: ||V_upper^k - V_upper^k-1||_inf = 0.04448894614648701840, ||V_lower^k - V_lower^k-1||_inf = 0.08714796744383113136
    Local Iteration  26: ||V_upper^k - V_upper^k-1||_inf = 0.04270938830062753766, ||V_lower^k - V_lower^k-1||_inf = 0.08366204874607818809
    Local Iteration  27: ||V_upper^k - V_upper^k-1||_inf = 0.04100101276860235178, ||V_lower^k - V_lower^k-1||_inf = 0.08031556679623497175
    Local Iteration  28: ||V_upper^k - V_upper^k-1||_inf = 0.03936097225785828435, ||V_lower^k - V_lower^k-1||_inf = 0.07710294412438556400
    Local Iteration  29: ||V_upper^k - V_upper^k-1||_inf = 0.03778653336754400627, ||V_lower^k - V_lower^k-1||_inf = 0.06596506282381042752
    Local Iteration  30: ||V_upper^k - V_upper^k-1||_inf = 0.03627507203284219273, ||V_lower^k - V_lower^k-1||_inf = 0.00000000000000000000
    Local Iteration  31: ||V_upper^k - V_upper^k-1||_inf = 0.03482406915152846949, ||V_lower^k - V_lower^k-1||_inf = 0.00000000000000000000
    Local Iteration  32: ||V_upper^k - V_upper^k-1||_inf = 0.03343110638546742397, ||V_lower^k - V_lower^k-1||_inf = 0.00000000000000000000
    Local Iteration  33: ||V_upper^k - V_upper^k-1||_inf = 0.03209386213004872257, ||V_lower^k - V_lower^k-1||_inf = 0.00000000000000000000
    Local Iteration  34: ||V_upper^k - V_upper^k-1||_inf = 0.03081010764484670705, ||V_lower^k - V_lower^k-1||_inf = 0.00000000000000000000
    Local Iteration  35: ||V_upper^k - V_upper^k-1||_inf = 0.02957770333905285209, ||V_lower^k - V_lower^k-1||_inf = 0.00000000000000000000
    Local Iteration  36: ||V_upper^k - V_upper^k-1||_inf = 0.02839459520549070248, ||V_lower^k - V_lower^k-1||_inf = 0.00000000000000000000
    Local Iteration  37: ||V_upper^k - V_upper^k-1||_inf = 0.02725881139727115432, ||V_lower^k - V_lower^k-1||_inf = 0.00000000000000000000
    Local Iteration  38: ||V_upper^k - V_upper^k-1||_inf = 0.02616845894138031259, ||V_lower^k - V_lower^k-1||_inf = 0.00000000000000000000
    Local Iteration  39: ||V_upper^k - V_upper^k-1||_inf = 0.02512172058372508232, ||V_lower^k - V_lower^k-1||_inf = 0.00000000000000000000
    Local Iteration  40: ||V_upper^k - V_upper^k-1||_inf = 0.02411685176037603462, ||V_lower^k - V_lower^k-1||_inf = 0.00000000000000000000
    Local Iteration  41: ||V_upper^k - V_upper^k-1||_inf = 0.02315217768996102876, ||V_lower^k - V_lower^k-1||_inf = 0.00000000000000000000
    Local Iteration  42: ||V_upper^k - V_upper^k-1||_inf = 0.02222609058236257873, ||V_lower^k - V_lower^k-1||_inf = 0.00000000000000000000
    Local Iteration  43: ||V_upper^k - V_upper^k-1||_inf = 0.02133704695906801785, ||V_lower^k - V_lower^k-1||_inf = 0.00000000000000000000
    Local Iteration  44: ||V_upper^k - V_upper^k-1||_inf = 0.02048356508070536819, ||V_lower^k - V_lower^k-1||_inf = 0.00000000000000000000
    Local Iteration  45: ||V_upper^k - V_upper^k-1||_inf = 0.01966422247747712237, ||V_lower^k - V_lower^k-1||_inf = 0.00000000000000000000
    Local Iteration  46: ||V_upper^k - V_upper^k-1||_inf = 0.01887765357837806190, ||V_lower^k - V_lower^k-1||_inf = 0.00000000000000000000
    Local Iteration  47: ||V_upper^k - V_upper^k-1||_inf = 0.01812254743524294165, ||V_lower^k - V_lower^k-1||_inf = 0.00000000000000000000
    Local Iteration  48: ||V_upper^k - V_upper^k-1||_inf = 0.01739764553783318402, ||V_lower^k - V_lower^k-1||_inf = 0.00000000000000000000
    Local Iteration  49: ||V_upper^k - V_upper^k-1||_inf = 0.01328843077614727530, ||V_lower^k - V_lower^k-1||_inf = 0.00000000000000000000
    Local Iteration  50: ||V_upper^k - V_upper^k-1||_inf = 0.00000000000000000000, ||V_lower^k - V_lower^k-1||_inf = 0.00000000000000000000

==================================================
 LOCAL CONVERGENCE ACHIEVED
==================================================
  ||V_upper^k - V_upper^k-1||_inf = 0.00000000000000000000e+00 < tolerance = 1e-08
  ||V_lower^k - V_lower^k-1||_inf = 0.00000000000000000000e+00 < tolerance = 1e-08
  Converged in 50 iterations
  V_lower increased from min(l_lower, r_lower); smallest step 0.000e+00
    Local VI completed in 50 iterations
    Final convergence values:
      ||V_upper^final - V_upper^prev||_inf = 0.00000000e+00
      ||V_lower^final - V_lower^prev||_inf = 0.00000000e+00
  Local VI completed in 50 iterations, time: 0.632s
    Final ||V_upper^k - V_upper^k-1||_inf = 0.00000000000000000000e+00
    Final ||V_lower^k - V_lower^k-1||_inf = 0.00000000000000000000e+00
  Saved visualization: /Users/i.k.tabbara/Documents/python directory/HSCC_2027/refactored_Implementations/results_hscc_2027_modified_init/ra_discount/bicycle_res5_eps0.1_dmin1e-08_dmax1e-08_gamma0.96_dt0.3_tau0.3_std/value_function_phase_3_complete.png
  Phase 3 completed in 1.16s with 24125 leaf cells

Classification after phase 3:
  Safe:                0 cells (  0.0%),    0.0% of state space
  Unsafe:            125 cells (  0.5%),    4.0% of state space
  Unclassified:    24000 cells ( 99.5%),   96.0% of state space

======================================================================
REFINEMENT PHASE 4
======================================================================
Boundary cells: 24000
  Refinable (>eta_min=0.035355): 24000
  Below threshold: 0
  Cumulative refined: 21000
  Refinable cell size statistics:
    Max:    0.628319
    Mean:   0.628319
    Min:    0.628319
    Median: 0.628319
  Refining 24000 cells...
    Refined: 24000 parent cells
    Created: 48000 child cells
    Total cells: 48125
    Refinement time: 0.002s
    Cumulative refined: 45000
  Rebuilding spatial index...
  Building spatial index for 48125 cells...
   Spatial index built in 0.01s
    Spatial index rebuilt in 0.011s
  Initializing 48000 new cells...
  Initializing 48000 new cells in parallel...
   Initialized in 0.00s (304761904.8 cells/s)
    Initialization completed in 0.000s
  Starting local value iteration...
  Reinitializing ALL 48125 cells (V_lower = min(l, r), V_upper = l)
   Reinitialized 48125 cells in 0.00s (576927687.7 cells/s)
  Local VI: updating all 48125 cells
    Conservative mode: False
    Convergence tolerance: 1e-08
    Max iterations: 20000
    Updating successor cache for 48000 updated cells...
    Updating successor cache for 48000 new cells (HYBRID)...
      Affected cells: 48125
   Trajectories + spatial queries computed in 0.69s (630335.2 tasks/s)
    Breakdown: 15.6% ODE, 84.4% queries
     Cache updated in 0.71s (610801.9 tasks/s)
    Local Iteration   1: ||V_upper^k - V_upper^k-1||_inf = 0.11770562748477164661, ||V_lower^k - V_lower^k-1||_inf = 0.23133779595312109478
    Local Iteration   2: ||V_upper^k - V_upper^k-1||_inf = 0.11299740238538058534, ||V_lower^k - V_lower^k-1||_inf = 0.22208428411499614441
    Local Iteration   3: ||V_upper^k - V_upper^k-1||_inf = 0.10847750628996521982, ||V_lower^k - V_lower^k-1||_inf = 0.21320091275039665391
    Local Iteration   4: ||V_upper^k - V_upper^k-1||_inf = 0.10413840603836677090, ||V_lower^k - V_lower^k-1||_inf = 0.20467287624038110749
    Local Iteration   5: ||V_upper^k - V_upper^k-1||_inf = 0.09997286979683206454, ||V_lower^k - V_lower^k-1||_inf = 0.19648596119076522371
    Local Iteration   6: ||V_upper^k - V_upper^k-1||_inf = 0.09597395500495897736, ||V_lower^k - V_lower^k-1||_inf = 0.18862652274313518319
    Local Iteration   7: ||V_upper^k - V_upper^k-1||_inf = 0.09213499680476067155, ||V_lower^k - V_lower^k-1||_inf = 0.18108146183340956270
    Local Iteration   8: ||V_upper^k - V_upper^k-1||_inf = 0.08844959693257026245, ||V_lower^k - V_lower^k-1||_inf = 0.17383820336007271834
    Local Iteration   9: ||V_upper^k - V_upper^k-1||_inf = 0.08491161305526739866, ||V_lower^k - V_lower^k-1||_inf = 0.16688467522567052015
    Local Iteration  10: ||V_upper^k - V_upper^k-1||_inf = 0.08151514853305652508, ||V_lower^k - V_lower^k-1||_inf = 0.16020928821664348618
    Local Iteration  11: ||V_upper^k - V_upper^k-1||_inf = 0.07825454259173425520, ||V_lower^k - V_lower^k-1||_inf = 0.15380091668797746252
    Local Iteration  12: ||V_upper^k - V_upper^k-1||_inf = 0.07512436088806495604, ||V_lower^k - V_lower^k-1||_inf = 0.14764888002045850612
    Local Iteration  13: ||V_upper^k - V_upper^k-1||_inf = 0.07211938645254223346, ||V_lower^k - V_lower^k-1||_inf = 0.14174292481964023693
    Local Iteration  14: ||V_upper^k - V_upper^k-1||_inf = 0.06923461099444061517, ||V_lower^k - V_lower^k-1||_inf = 0.13607320782685450311
    Local Iteration  15: ||V_upper^k - V_upper^k-1||_inf = 0.06646522655466302609, ||V_lower^k - V_lower^k-1||_inf = 0.13063027951378058944
    Local Iteration  16: ||V_upper^k - V_upper^k-1||_inf = 0.06380661749247651393, ||V_lower^k - V_lower^k-1||_inf = 0.12540506833322906388
    Local Iteration  17: ||V_upper^k - V_upper^k-1||_inf = 0.06125435279277735567, ||V_lower^k - V_lower^k-1||_inf = 0.12038886559989991909
    Local Iteration  18: ||V_upper^k - V_upper^k-1||_inf = 0.05880417868106624368, ||V_lower^k - V_lower^k-1||_inf = 0.11557331097590406443
    Local Iteration  19: ||V_upper^k - V_upper^k-1||_inf = 0.05645201153382362058, ||V_lower^k - V_lower^k-1||_inf = 0.11095037853686795515
    Local Iteration  20: ||V_upper^k - V_upper^k-1||_inf = 0.05419393107247061359, ||V_lower^k - V_lower^k-1||_inf = 0.10651236339539327247
    Local Iteration  21: ||V_upper^k - V_upper^k-1||_inf = 0.05202617382957197556, ||V_lower^k - V_lower^k-1||_inf = 0.10225186885957748828
    Local Iteration  22: ||V_upper^k - V_upper^k-1||_inf = 0.04994512687638907877, ||V_lower^k - V_lower^k-1||_inf = 0.09816179410519421111
    Local Iteration  23: ||V_upper^k - V_upper^k-1||_inf = 0.04794732180133354227, ||V_lower^k - V_lower^k-1||_inf = 0.09423532234098663807
    Local Iteration  24: ||V_upper^k - V_upper^k-1||_inf = 0.04602942892928019170, ||V_lower^k - V_lower^k-1||_inf = 0.09046590944734722584
    Local Iteration  25: ||V_upper^k - V_upper^k-1||_inf = 0.04418825177210883304, ||V_lower^k - V_lower^k-1||_inf = 0.08684727306945294600
    Local Iteration  26: ||V_upper^k - V_upper^k-1||_inf = 0.04242072170122446195, ||V_lower^k - V_lower^k-1||_inf = 0.08337338214667511238
    Local Iteration  27: ||V_upper^k - V_upper^k-1||_inf = 0.04072389283317556785, ||V_lower^k - V_lower^k-1||_inf = 0.08003844686080796578
    Local Iteration  28: ||V_upper^k - V_upper^k-1||_inf = 0.03909493711984857178, ||V_lower^k - V_lower^k-1||_inf = 0.07683690898637562938
    Local Iteration  29: ||V_upper^k - V_upper^k-1||_inf = 0.03753113963505461115, ||V_lower^k - V_lower^k-1||_inf = 0.05958021951157532747
    Local Iteration  30: ||V_upper^k - V_upper^k-1||_inf = 0.03602989404965240006, ||V_lower^k - V_lower^k-1||_inf = 0.00000000000000000000
    Local Iteration  31: ||V_upper^k - V_upper^k-1||_inf = 0.03458869828766630850, ||V_lower^k - V_lower^k-1||_inf = 0.00000000000000000000
    Local Iteration  32: ||V_upper^k - V_upper^k-1||_inf = 0.03320515035615967392, ||V_lower^k - V_lower^k-1||_inf = 0.00000000000000000000
    Local Iteration  33: ||V_upper^k - V_upper^k-1||_inf = 0.03187694434191323811, ||V_lower^k - V_lower^k-1||_inf = 0.00000000000000000000
    Local Iteration  34: ||V_upper^k - V_upper^k-1||_inf = 0.03060186656823671303, ||V_lower^k - V_lower^k-1||_inf = 0.00000000000000000000
    Local Iteration  35: ||V_upper^k - V_upper^k-1||_inf = 0.02937779190550726671, ||V_lower^k - V_lower^k-1||_inf = 0.00000000000000000000
    Local Iteration  36: ||V_upper^k - V_upper^k-1||_inf = 0.02820268022928695828, ||V_lower^k - V_lower^k-1||_inf = 0.00000000000000000000
    Local Iteration  37: ||V_upper^k - V_upper^k-1||_inf = 0.02707457302011551104, ||V_lower^k - V_lower^k-1||_inf = 0.00000000000000000000
    Local Iteration  38: ||V_upper^k - V_upper^k-1||_inf = 0.02599159009931084618, ||V_lower^k - V_lower^k-1||_inf = 0.00000000000000000000
    Local Iteration  39: ||V_upper^k - V_upper^k-1||_inf = 0.02495192649533839457, ||V_lower^k - V_lower^k-1||_inf = 0.00000000000000000000
    Local Iteration  40: ||V_upper^k - V_upper^k-1||_inf = 0.02395384943552492096, ||V_lower^k - V_lower^k-1||_inf = 0.00000000000000000000
    Local Iteration  41: ||V_upper^k - V_upper^k-1||_inf = 0.02299569545810387083, ||V_lower^k - V_lower^k-1||_inf = 0.00000000000000000000
    Local Iteration  42: ||V_upper^k - V_upper^k-1||_inf = 0.02207586763977975597, ||V_lower^k - V_lower^k-1||_inf = 0.00000000000000000000
    Local Iteration  43: ||V_upper^k - V_upper^k-1||_inf = 0.02119283293418861014, ||V_lower^k - V_lower^k-1||_inf = 0.00000000000000000000
    Local Iteration  44: ||V_upper^k - V_upper^k-1||_inf = 0.02034511961682100578, ||V_lower^k - V_lower^k-1||_inf = 0.00000000000000000000
    Local Iteration  45: ||V_upper^k - V_upper^k-1||_inf = 0.01953131483214815001, ||V_lower^k - V_lower^k-1||_inf = 0.00000000000000000000
    Local Iteration  46: ||V_upper^k - V_upper^k-1||_inf = 0.01875006223886227508, ||V_lower^k - V_lower^k-1||_inf = 0.00000000000000000000
    Local Iteration  47: ||V_upper^k - V_upper^k-1||_inf = 0.01800005974930773966, ||V_lower^k - V_lower^k-1||_inf = 0.00000000000000000000
    Local Iteration  48: ||V_upper^k - V_upper^k-1||_inf = 0.01728005735933546561, ||V_lower^k - V_lower^k-1||_inf = 0.00000000000000000000
    Local Iteration  49: ||V_upper^k - V_upper^k-1||_inf = 0.01658885506496204920, ||V_lower^k - V_lower^k-1||_inf = 0.00000000000000000000
    Local Iteration  50: ||V_upper^k - V_upper^k-1||_inf = 0.00774491605173754927, ||V_lower^k - V_lower^k-1||_inf = 0.00000000000000000000
    Local Iteration  51: ||V_upper^k - V_upper^k-1||_inf = 0.00000000000000000000, ||V_lower^k - V_lower^k-1||_inf = 0.00000000000000000000

==================================================
 LOCAL CONVERGENCE ACHIEVED
==================================================
  ||V_upper^k - V_upper^k-1||_inf = 0.00000000000000000000e+00 < tolerance = 1e-08
  ||V_lower^k - V_lower^k-1||_inf = 0.00000000000000000000e+00 < tolerance = 1e-08
  Converged in 51 iterations
  V_lower increased from min(l_lower, r_lower); smallest step 0.000e+00
    Local VI completed in 51 iterations
    Final convergence values:
      ||V_upper^final - V_upper^prev||_inf = 0.00000000e+00
      ||V_lower^final - V_lower^prev||_inf = 0.00000000e+00
  Local VI completed in 51 iterations, time: 1.867s
    Final ||V_upper^k - V_upper^k-1||_inf = 0.00000000000000000000e+00
    Final ||V_lower^k - V_lower^k-1||_inf = 0.00000000000000000000e+00
  Saved visualization: /Users/i.k.tabbara/Documents/python directory/HSCC_2027/refactored_Implementations/results_hscc_2027_modified_init/ra_discount/bicycle_res5_eps0.1_dmin1e-08_dmax1e-08_gamma0.96_dt0.3_tau0.3_std/value_function_phase_4_complete.png
  Phase 4 completed in 2.38s with 48125 leaf cells

Classification after phase 4:
  Safe:                0 cells (  0.0%),    0.0% of state space
  Unsafe:            125 cells (  0.3%),    4.0% of state space
  Unclassified:    48000 cells ( 99.7%),   96.0% of state space

======================================================================
REFINEMENT PHASE 5
======================================================================
Boundary cells: 48000
  Refinable (>eta_min=0.035355): 48000
  Below threshold: 0
  Cumulative refined: 45000
  Refinable cell size statistics:
    Max:    0.600000
    Mean:   0.600000
    Min:    0.600000
    Median: 0.600000
  Refining 48000 cells...
    Refined: 48000 parent cells
    Created: 96000 child cells
    Total cells: 96125
    Refinement time: 0.004s
    Cumulative refined: 93000
  Rebuilding spatial index...
  Building spatial index for 96125 cells...
   Spatial index built in 0.02s
    Spatial index rebuilt in 0.024s
  Initializing 96000 new cells...
  Initializing 96000 new cells in parallel...
   Initialized in 0.00s (352293578.0 cells/s)
    Initialization completed in 0.000s
  Starting local value iteration...
  Reinitializing ALL 96125 cells (V_lower = min(l, r), V_upper = l)
   Reinitialized 96125 cells in 0.00s (413663259.8 cells/s)
  Local VI: updating all 96125 cells
    Conservative mode: False
    Convergence tolerance: 1e-08
    Max iterations: 20000
    Updating successor cache for 96000 updated cells...
    Updating successor cache for 96000 new cells (HYBRID)...
      Affected cells: 96125
   Trajectories + spatial queries computed in 1.73s (499411.1 tasks/s)
    Breakdown: 9.4% ODE, 90.6% queries
     Cache updated in 1.78s (485292.4 tasks/s)
    Local Iteration   1: ||V_upper^k - V_upper^k-1||_inf = 0.12200559068810612473, ||V_lower^k - V_lower^k-1||_inf = 0.23667871863809253341
    Local Iteration   2: ||V_upper^k - V_upper^k-1||_inf = 0.11712536706058163105, ||V_lower^k - V_lower^k-1||_inf = 0.22721156989256829917
    Local Iteration   3: ||V_upper^k - V_upper^k-1||_inf = 0.11244035237815852568, ||V_lower^k - V_lower^k-1||_inf = 0.21812310709686588694
    Local Iteration   4: ||V_upper^k - V_upper^k-1||_inf = 0.10794273828303202478, ||V_lower^k - V_lower^k-1||_inf = 0.20939818281299160674
    Local Iteration   5: ||V_upper^k - V_upper^k-1||_inf = 0.10362502875171086814, ||V_lower^k - V_lower^k-1||_inf = 0.20102225550047148062
    Local Iteration   6: ||V_upper^k - V_upper^k-1||_inf = 0.09948002760164253999, ||V_lower^k - V_lower^k-1||_inf = 0.19298136528045262139
    Local Iteration   7: ||V_upper^k - V_upper^k-1||_inf = 0.09550082649757696274, ||V_lower^k - V_lower^k-1||_inf = 0.18526211066923448101
    Local Iteration   8: ||V_upper^k - V_upper^k-1||_inf = 0.09168079343767354672, ||V_lower^k - V_lower^k-1||_inf = 0.17785162624246542151
    Local Iteration   9: ||V_upper^k - V_upper^k-1||_inf = 0.08801356170016694236, ||V_lower^k - V_lower^k-1||_inf = 0.17073756119276684018
    Local Iteration  10: ||V_upper^k - V_upper^k-1||_inf = 0.08449301923216001597, ||V_lower^k - V_lower^k-1||_inf = 0.16390805874505609552
    Local Iteration  11: ||V_upper^k - V_upper^k-1||_inf = 0.08111329846287373968, ||V_lower^k - V_lower^k-1||_inf = 0.15735173639525390499
    Local Iteration  12: ||V_upper^k - V_upper^k-1||_inf = 0.07786876652435870128, ||V_lower^k - V_lower^k-1||_inf = 0.15105766693944344681
    Local Iteration  13: ||V_upper^k - V_upper^k-1||_inf = 0.07475401586338437099, ||V_lower^k - V_lower^k-1||_inf = 0.14501536026186601092
    Local Iteration  14: ||V_upper^k - V_upper^k-1||_inf = 0.07176385522884887180, ||V_lower^k - V_lower^k-1||_inf = 0.13921474585139126390
    Local Iteration  15: ||V_upper^k - V_upper^k-1||_inf = 0.06889330101969504128, ||V_lower^k - V_lower^k-1||_inf = 0.13364615601733564887
    Local Iteration  16: ||V_upper^k - V_upper^k-1||_inf = 0.06613756897890721298, ||V_lower^k - V_lower^k-1||_inf = 0.12830030977664197422
    Local Iteration  17: ||V_upper^k - V_upper^k-1||_inf = 0.06349206621975089782, ||V_lower^k - V_lower^k-1||_inf = 0.12316829738557633078
    Local Iteration  18: ||V_upper^k - V_upper^k-1||_inf = 0.06095238357096088855, ||V_lower^k - V_lower^k-1||_inf = 0.11824156549015318873
    Local Iteration  19: ||V_upper^k - V_upper^k-1||_inf = 0.05851428822812243524, ||V_lower^k - V_lower^k-1||_inf = 0.11351190287054713224
    Local Iteration  20: ||V_upper^k - V_upper^k-1||_inf = 0.05617371669899751119, ||V_lower^k - V_lower^k-1||_inf = 0.10897142675572535353
    Local Iteration  21: ||V_upper^k - V_upper^k-1||_inf = 0.05392676803103757521, ||V_lower^k - V_lower^k-1||_inf = 0.10461256968549648150
    Local Iteration  22: ||V_upper^k - V_upper^k-1||_inf = 0.05176969730979608109, ||V_lower^k - V_lower^k-1||_inf = 0.10042806689807637355
    Local Iteration  23: ||V_upper^k - V_upper^k-1||_inf = 0.04969890941740429113, ||V_lower^k - V_lower^k-1||_inf = 0.09641094422215346071
    Local Iteration  24: ||V_upper^k - V_upper^k-1||_inf = 0.04771095304070804843, ||V_lower^k - V_lower^k-1||_inf = 0.09255450645326712689
    Local Iteration  25: ||V_upper^k - V_upper^k-1||_inf = 0.04580251491907971761, ||V_lower^k - V_lower^k-1||_inf = 0.08885232619513638852
    Local Iteration  26: ||V_upper^k - V_upper^k-1||_inf = 0.04397041432231652003, ||V_lower^k - V_lower^k-1||_inf = 0.08529823314733109285
    Local Iteration  27: ||V_upper^k - V_upper^k-1||_inf = 0.04221159774942395693, ||V_lower^k - V_lower^k-1||_inf = 0.08188630382143791131
    Local Iteration  28: ||V_upper^k - V_upper^k-1||_inf = 0.04052313383944694536, ||V_lower^k - V_lower^k-1||_inf = 0.07861085166858039486
    Local Iteration  29: ||V_upper^k - V_upper^k-1||_inf = 0.03890220848586911639, ||V_lower^k - V_lower^k-1||_inf = 0.07546641760183714354
    Local Iteration  30: ||V_upper^k - V_upper^k-1||_inf = 0.03734612014643434730, ||V_lower^k - V_lower^k-1||_inf = 0.07244776089776361339
    Local Iteration  31: ||V_upper^k - V_upper^k-1||_inf = 0.03585227534057700005, ||V_lower^k - V_lower^k-1||_inf = 0.02562088923134231422
    Local Iteration  32: ||V_upper^k - V_upper^k-1||_inf = 0.03441818432695387120, ||V_lower^k - V_lower^k-1||_inf = 0.00000000000000000000
    Local Iteration  33: ||V_upper^k - V_upper^k-1||_inf = 0.03304145695387572523, ||V_lower^k - V_lower^k-1||_inf = 0.00000000000000000000
    Local Iteration  34: ||V_upper^k - V_upper^k-1||_inf = 0.03171979867572072287, ||V_lower^k - V_lower^k-1||_inf = 0.00000000000000000000
    Local Iteration  35: ||V_upper^k - V_upper^k-1||_inf = 0.03045100672869183178, ||V_lower^k - V_lower^k-1||_inf = 0.00000000000000000000
    Local Iteration  36: ||V_upper^k - V_upper^k-1||_inf = 0.02923296645954420736, ||V_lower^k - V_lower^k-1||_inf = 0.00000000000000000000
    Local Iteration  37: ||V_upper^k - V_upper^k-1||_inf = 0.02806364780116243907, ||V_lower^k - V_lower^k-1||_inf = 0.00000000000000000000
    Local Iteration  38: ||V_upper^k - V_upper^k-1||_inf = 0.02694110188911591486, ||V_lower^k - V_lower^k-1||_inf = 0.00000000000000000000
    Local Iteration  39: ||V_upper^k - V_upper^k-1||_inf = 0.02586345781355126050, ||V_lower^k - V_lower^k-1||_inf = 0.00000000000000000000
    Local Iteration  40: ||V_upper^k - V_upper^k-1||_inf = 0.02482891950100918343, ||V_lower^k - V_lower^k-1||_inf = 0.00000000000000000000
    Local Iteration  41: ||V_upper^k - V_upper^k-1||_inf = 0.02383576272096887827, ||V_lower^k - V_lower^k-1||_inf = 0.00000000000000000000
    Local Iteration  42: ||V_upper^k - V_upper^k-1||_inf = 0.02288233221213009649, ||V_lower^k - V_lower^k-1||_inf = 0.00000000000000000000
    Local Iteration  43: ||V_upper^k - V_upper^k-1||_inf = 0.02196703892364493260, ||V_lower^k - V_lower^k-1||_inf = 0.00000000000000000000
    Local Iteration  44: ||V_upper^k - V_upper^k-1||_inf = 0.02108835736669911753, ||V_lower^k - V_lower^k-1||_inf = 0.00000000000000000000
    Local Iteration  45: ||V_upper^k - V_upper^k-1||_inf = 0.02024482307203112619, ||V_lower^k - V_lower^k-1||_inf = 0.00000000000000000000
    Local Iteration  46: ||V_upper^k - V_upper^k-1||_inf = 0.01943503014914987892, ||V_lower^k - V_lower^k-1||_inf = 0.00000000000000000000
    Local Iteration  47: ||V_upper^k - V_upper^k-1||_inf = 0.00044864820620160728, ||V_lower^k - V_lower^k-1||_inf = 0.00000000000000000000
    Local Iteration  48: ||V_upper^k - V_upper^k-1||_inf = 0.00000000000000000000, ||V_lower^k - V_lower^k-1||_inf = 0.00000000000000000000

==================================================
 LOCAL CONVERGENCE ACHIEVED
==================================================
  ||V_upper^k - V_upper^k-1||_inf = 0.00000000000000000000e+00 < tolerance = 1e-08
  ||V_lower^k - V_lower^k-1||_inf = 0.00000000000000000000e+00 < tolerance = 1e-08
  Converged in 48 iterations
  V_lower increased from min(l_lower, r_lower); smallest step 0.000e+00
    Local VI completed in 48 iterations
    Final convergence values:
      ||V_upper^final - V_upper^prev||_inf = 0.00000000e+00
      ||V_lower^final - V_lower^prev||_inf = 0.00000000e+00
  Local VI completed in 48 iterations, time: 4.868s
    Final ||V_upper^k - V_upper^k-1||_inf = 0.00000000000000000000e+00
    Final ||V_lower^k - V_lower^k-1||_inf = 0.00000000000000000000e+00
  Saved visualization: /Users/i.k.tabbara/Documents/python directory/HSCC_2027/refactored_Implementations/results_hscc_2027_modified_init/ra_discount/bicycle_res5_eps0.1_dmin1e-08_dmax1e-08_gamma0.96_dt0.3_tau0.3_std/value_function_phase_5_complete.png
  Phase 5 completed in 5.43s with 96125 leaf cells

Classification after phase 5:
  Safe:                0 cells (  0.0%),    0.0% of state space
  Unsafe:           2125 cells (  2.2%),    6.0% of state space
  Unclassified:    94000 cells ( 97.8%),   94.0% of state space

======================================================================
REFINEMENT PHASE 6
======================================================================
Boundary cells: 94000
  Refinable (>eta_min=0.035355): 94000
  Below threshold: 0
  Cumulative refined: 93000
  Refinable cell size statistics:
    Max:    0.600000
    Mean:   0.600000
    Min:    0.600000
    Median: 0.600000
  Refining 94000 cells...
    Refined: 94000 parent cells
    Created: 188000 child cells
    Total cells: 190125
    Refinement time: 0.008s
    Cumulative refined: 187000
  Rebuilding spatial index...
  Building spatial index for 190125 cells...
   Spatial index built in 0.05s
    Spatial index rebuilt in 0.048s
  Initializing 188000 new cells...
  Initializing 188000 new cells in parallel...
   Initialized in 0.00s (371694293.3 cells/s)
    Initialization completed in 0.001s
  Starting local value iteration...
  Reinitializing ALL 190125 cells (V_lower = min(l, r), V_upper = l)
   Reinitialized 190125 cells in 0.00s (398689384.0 cells/s)
  Local VI: updating all 190125 cells
    Conservative mode: False
    Convergence tolerance: 1e-08
    Max iterations: 20000
    Updating successor cache for 188000 updated cells...
    Updating successor cache for 188000 new cells (HYBRID)...
      Affected cells: 190125
   Trajectories + spatial queries computed in 1.95s (879684.2 tasks/s)
    Breakdown: 16.6% ODE, 83.4% queries
     Cache updated in 2.08s (824299.4 tasks/s)
    Local Iteration   1: ||V_upper^k - V_upper^k-1||_inf = 0.12053405460951793771, ||V_lower^k - V_lower^k-1||_inf = 0.23378432527553361098
    Local Iteration   2: ||V_upper^k - V_upper^k-1||_inf = 0.11571269242513704256, ||V_lower^k - V_lower^k-1||_inf = 0.22443295226451276392
    Local Iteration   3: ||V_upper^k - V_upper^k-1||_inf = 0.11108418472813141875, ||V_lower^k - V_lower^k-1||_inf = 0.21545563417393154282
    Local Iteration   4: ||V_upper^k - V_upper^k-1||_inf = 0.10664081733900632187, ||V_lower^k - V_lower^k-1||_inf = 0.20683740880697421005
    Local Iteration   5: ||V_upper^k - V_upper^k-1||_inf = 0.10237518464544592689, ||V_lower^k - V_lower^k-1||_inf = 0.19856391245469584561
    Local Iteration   6: ||V_upper^k - V_upper^k-1||_inf = 0.09828017725962823192, ||V_lower^k - V_lower^k-1||_inf = 0.19062135595650797626
    Local Iteration   7: ||V_upper^k - V_upper^k-1||_inf = 0.09434897016924281843, ||V_lower^k - V_lower^k-1||_inf = 0.18299650171824755063
    Local Iteration   8: ||V_upper^k - V_upper^k-1||_inf = 0.09057501136247347873, ||V_lower^k - V_lower^k-1||_inf = 0.17567664164951768413
    Local Iteration   9: ||V_upper^k - V_upper^k-1||_inf = 0.08695201090797421983, ||V_lower^k - V_lower^k-1||_inf = 0.16864957598353669255
    Local Iteration  10: ||V_upper^k - V_upper^k-1||_inf = 0.08347393047165541091, ||V_lower^k - V_lower^k-1||_inf = 0.16190359294419520708
    Local Iteration  11: ||V_upper^k - V_upper^k-1||_inf = 0.08013497325278917671, ||V_lower^k - V_lower^k-1||_inf = 0.15542744922642759420
    Local Iteration  12: ||V_upper^k - V_upper^k-1||_inf = 0.07692957432267766293, ||V_lower^k - V_lower^k-1||_inf = 0.14921035125737036608
    Local Iteration  13: ||V_upper^k - V_upper^k-1||_inf = 0.07385239134977039654, ||V_lower^k - V_lower^k-1||_inf = 0.14324193720707567579
    Local Iteration  14: ||V_upper^k - V_upper^k-1||_inf = 0.07089829569577976720, ||V_lower^k - V_lower^k-1||_inf = 0.13751225971879277310
    Local Iteration  15: ||V_upper^k - V_upper^k-1||_inf = 0.06806236386794850546, ||V_lower^k - V_lower^k-1||_inf = 0.13201176933004088454
    Local Iteration  16: ||V_upper^k - V_upper^k-1||_inf = 0.06533986931323054748, ||V_lower^k - V_lower^k-1||_inf = 0.12673129855683917810
    Local Iteration  17: ||V_upper^k - V_upper^k-1||_inf = 0.06272627454070134334, ||V_lower^k - V_lower^k-1||_inf = 0.12166204661456569980
    Local Iteration  18: ||V_upper^k - V_upper^k-1||_inf = 0.06021722355907321855, ||V_lower^k - V_lower^k-1||_inf = 0.11679556474998298299
    Local Iteration  19: ||V_upper^k - V_upper^k-1||_inf = 0.05780853461671031646, ||V_lower^k - V_lower^k-1||_inf = 0.11212374215998366367
    Local Iteration  20: ||V_upper^k - V_upper^k-1||_inf = 0.05549619323204191268, ||V_lower^k - V_lower^k-1||_inf = 0.10763879247358421054
    Local Iteration  21: ||V_upper^k - V_upper^k-1||_inf = 0.05327634550276028058, ||V_lower^k - V_lower^k-1||_inf = 0.10333324077464123292
    Local Iteration  22: ||V_upper^k - V_upper^k-1||_inf = 0.05114529168264980719, ||V_lower^k - V_lower^k-1||_inf = 0.09919991114365522833
    Local Iteration  23: ||V_upper^k - V_upper^k-1||_inf = 0.04909948001534392148, ||V_lower^k - V_lower^k-1||_inf = 0.09523191469790903696
    Local Iteration  24: ||V_upper^k - V_upper^k-1||_inf = 0.04713550081473005804, ||V_lower^k - V_lower^k-1||_inf = 0.09142263810999295970
    Local Iteration  25: ||V_upper^k - V_upper^k-1||_inf = 0.04525008078214076690, ||V_lower^k - V_lower^k-1||_inf = 0.08776573258559317026
    Local Iteration  26: ||V_upper^k - V_upper^k-1||_inf = 0.04344007755085521616, ||V_lower^k - V_lower^k-1||_inf = 0.08425510328216923028
    Local Iteration  27: ||V_upper^k - V_upper^k-1||_inf = 0.04170247444882102528, ||V_lower^k - V_lower^k-1||_inf = 0.08088489915088259430
    Local Iteration  28: ||V_upper^k - V_upper^k-1||_inf = 0.04003437547086818871, ||V_lower^k - V_lower^k-1||_inf = 0.07764950318484720171
    Local Iteration  29: ||V_upper^k - V_upper^k-1||_inf = 0.03843300045203346116, ||V_lower^k - V_lower^k-1||_inf = 0.07454352305745337581
    Local Iteration  30: ||V_upper^k - V_upper^k-1||_inf = 0.03689568043395208274, ||V_lower^k - V_lower^k-1||_inf = 0.07156178213515529407
    Local Iteration  31: ||V_upper^k - V_upper^k-1||_inf = 0.03541985321659402164, ||V_lower^k - V_lower^k-1||_inf = 0.06869931084974911784
    Local Iteration  32: ||V_upper^k - V_upper^k-1||_inf = 0.03400305908793022081, ||V_lower^k - V_lower^k-1||_inf = 0.03480948567915720382
    Local Iteration  33: ||V_upper^k - V_upper^k-1||_inf = 0.03264293672441309635, ||V_lower^k - V_lower^k-1||_inf = 0.00000000000000000000
    Local Iteration  34: ||V_upper^k - V_upper^k-1||_inf = 0.03133721925543653253, ||V_lower^k - V_lower^k-1||_inf = 0.00000000000000000000
    Local Iteration  35: ||V_upper^k - V_upper^k-1||_inf = 0.03008373048521906234, ||V_lower^k - V_lower^k-1||_inf = 0.00000000000000000000
    Local Iteration  36: ||V_upper^k - V_upper^k-1||_inf = 0.02888038126581027321, ||V_lower^k - V_lower^k-1||_inf = 0.00000000000000000000
    Local Iteration  37: ||V_upper^k - V_upper^k-1||_inf = 0.02772516601517793777, ||V_lower^k - V_lower^k-1||_inf = 0.00000000000000000000
    Local Iteration  38: ||V_upper^k - V_upper^k-1||_inf = 0.02661615937457073588, ||V_lower^k - V_lower^k-1||_inf = 0.00000000000000000000
    Local Iteration  39: ||V_upper^k - V_upper^k-1||_inf = 0.02555151299958791089, ||V_lower^k - V_lower^k-1||_inf = 0.00000000000000000000
    Local Iteration  40: ||V_upper^k - V_upper^k-1||_inf = 0.02452945247960447439, ||V_lower^k - V_lower^k-1||_inf = 0.00000000000000000000
    Local Iteration  41: ||V_upper^k - V_upper^k-1||_inf = 0.02354827438042028653, ||V_lower^k - V_lower^k-1||_inf = 0.00000000000000000000
    Local Iteration  42: ||V_upper^k - V_upper^k-1||_inf = 0.02260634340520339958, ||V_lower^k - V_lower^k-1||_inf = 0.00000000000000000000
    Local Iteration  43: ||V_upper^k - V_upper^k-1||_inf = 0.02170208966899533909, ||V_lower^k - V_lower^k-1||_inf = 0.00000000000000000000
    Local Iteration  44: ||V_upper^k - V_upper^k-1||_inf = 0.02083400608223551220, ||V_lower^k - V_lower^k-1||_inf = 0.00000000000000000000
    Local Iteration  45: ||V_upper^k - V_upper^k-1||_inf = 0.02000064583894606285, ||V_lower^k - V_lower^k-1||_inf = 0.00000000000000000000
    Local Iteration  46: ||V_upper^k - V_upper^k-1||_inf = 0.01920062000538824698, ||V_lower^k - V_lower^k-1||_inf = 0.00000000000000000000
    Local Iteration  47: ||V_upper^k - V_upper^k-1||_inf = 0.01843259520517270822, ||V_lower^k - V_lower^k-1||_inf = 0.00000000000000000000
    Local Iteration  48: ||V_upper^k - V_upper^k-1||_inf = 0.01769529139696579545, ||V_lower^k - V_lower^k-1||_inf = 0.00000000000000000000
    Local Iteration  49: ||V_upper^k - V_upper^k-1||_inf = 0.01698747974108716363, ||V_lower^k - V_lower^k-1||_inf = 0.00000000000000000000
    Local Iteration  50: ||V_upper^k - V_upper^k-1||_inf = 0.00897300389114846775, ||V_lower^k - V_lower^k-1||_inf = 0.00000000000000000000
    Local Iteration  51: ||V_upper^k - V_upper^k-1||_inf = 0.00000000000000000000, ||V_lower^k - V_lower^k-1||_inf = 0.00000000000000000000

==================================================
 LOCAL CONVERGENCE ACHIEVED
==================================================
  ||V_upper^k - V_upper^k-1||_inf = 0.00000000000000000000e+00 < tolerance = 1e-08
  ||V_lower^k - V_lower^k-1||_inf = 0.00000000000000000000e+00 < tolerance = 1e-08
  Converged in 51 iterations
  V_lower increased from min(l_lower, r_lower); smallest step 0.000e+00
    Local VI completed in 51 iterations
    Final convergence values:
      ||V_upper^final - V_upper^prev||_inf = 0.00000000e+00
      ||V_lower^final - V_lower^prev||_inf = 0.00000000e+00
  Local VI completed in 51 iterations, time: 5.173s
    Final ||V_upper^k - V_upper^k-1||_inf = 0.00000000000000000000e+00
    Final ||V_lower^k - V_lower^k-1||_inf = 0.00000000000000000000e+00
  Saved visualization: /Users/i.k.tabbara/Documents/python directory/HSCC_2027/refactored_Implementations/results_hscc_2027_modified_init/ra_discount/bicycle_res5_eps0.1_dmin1e-08_dmax1e-08_gamma0.96_dt0.3_tau0.3_std/value_function_phase_6_complete.png
  Phase 6 completed in 5.75s with 190125 leaf cells

Classification after phase 6:
  Safe:             1000 cells (  0.5%),    0.5% of state space
  Unsafe:           6125 cells (  3.2%),    8.0% of state space
  Unclassified:   183000 cells ( 96.3%),   91.5% of state space

======================================================================
REFINEMENT PHASE 7
======================================================================
Boundary cells: 183000
  Refinable (>eta_min=0.035355): 183000
  Below threshold: 0
  Cumulative refined: 187000
  Refinable cell size statistics:
    Max:    0.400000
    Mean:   0.400000
    Min:    0.400000
    Median: 0.400000
  Refining 183000 cells...
    Refined: 183000 parent cells
    Created: 366000 child cells
    Total cells: 373125
    Refinement time: 0.018s
    Cumulative refined: 370000
  Rebuilding spatial index...
  Building spatial index for 373125 cells...
   Spatial index built in 0.11s
    Spatial index rebuilt in 0.107s
  Initializing 366000 new cells...
  Initializing 366000 new cells in parallel...
   Initialized in 0.00s (296987524.1 cells/s)
    Initialization completed in 0.001s
  Starting local value iteration...
  Reinitializing ALL 373125 cells (V_lower = min(l, r), V_upper = l)
   Reinitialized 373125 cells in 0.00s (324033868.9 cells/s)
  Local VI: updating all 373125 cells
    Conservative mode: False
    Convergence tolerance: 1e-08
    Max iterations: 20000
    Updating successor cache for 366000 updated cells...
    Updating successor cache for 366000 new cells (HYBRID)...
      Affected cells: 373125
   Trajectories + spatial queries computed in 3.90s (861590.4 tasks/s)
    Breakdown: 16.9% ODE, 83.1% queries
     Cache updated in 4.11s (817291.1 tasks/s)
    Local Iteration   1: ||V_upper^k - V_upper^k-1||_inf = 0.11810611198684961565, ||V_lower^k - V_lower^k-1||_inf = 0.23135638265286573301
    Local Iteration   2: ||V_upper^k - V_upper^k-1||_inf = 0.11338186750737566655, ||V_lower^k - V_lower^k-1||_inf = 0.22210212734675138790
    Local Iteration   3: ||V_upper^k - V_upper^k-1||_inf = 0.10884659280708053330, ||V_lower^k - V_lower^k-1||_inf = 0.21321804225288065737
    Local Iteration   4: ||V_upper^k - V_upper^k-1||_inf = 0.10449272909479745408, ||V_lower^k - V_lower^k-1||_inf = 0.20468932056276578635
    Local Iteration   5: ||V_upper^k - V_upper^k-1||_inf = 0.10031301993100560921, ||V_lower^k - V_lower^k-1||_inf = 0.19650174774025508384
    Local Iteration   6: ||V_upper^k - V_upper^k-1||_inf = 0.09630049913376526050, ||V_lower^k - V_lower^k-1||_inf = 0.18864167783064456074
    Local Iteration   7: ||V_upper^k - V_upper^k-1||_inf = 0.09244847916841480995, ||V_lower^k - V_lower^k-1||_inf = 0.18109601071741909806
    Local Iteration   8: ||V_upper^k - V_upper^k-1||_inf = 0.08875054000167814650, ||V_lower^k - V_lower^k-1||_inf = 0.17385217028872279599
    Local Iteration   9: ||V_upper^k - V_upper^k-1||_inf = 0.08520051840161091405, ||V_lower^k - V_lower^k-1||_inf = 0.16689808347717338677
    Local Iteration  10: ||V_upper^k - V_upper^k-1||_inf = 0.08179249766554663736, ||V_lower^k - V_lower^k-1||_inf = 0.16022216013808643353
    Local Iteration  11: ||V_upper^k - V_upper^k-1||_inf = 0.07852079775892462088, ||V_lower^k - V_lower^k-1||_inf = 0.15381327373256326041
    Local Iteration  12: ||V_upper^k - V_upper^k-1||_inf = 0.07537996584856765381, ||V_lower^k - V_lower^k-1||_inf = 0.14766074278326035696
    Local Iteration  13: ||V_upper^k - V_upper^k-1||_inf = 0.07236476721462503647, ||V_lower^k - V_lower^k-1||_inf = 0.14175431307193031572
    Local Iteration  14: ||V_upper^k - V_upper^k-1||_inf = 0.06947017652603992843, ||V_lower^k - V_lower^k-1||_inf = 0.13608414054905271229
    Local Iteration  15: ||V_upper^k - V_upper^k-1||_inf = 0.06669136946499842900, ||V_lower^k - V_lower^k-1||_inf = 0.13064077492709058603
    Local Iteration  16: ||V_upper^k - V_upper^k-1||_inf = 0.06402371468639844743, ||V_lower^k - V_lower^k-1||_inf = 0.12541514393000730010
    Local Iteration  17: ||V_upper^k - V_upper^k-1||_inf = 0.06146276609894241183, ||V_lower^k - V_lower^k-1||_inf = 0.12039853817280699033
    Local Iteration  18: ||V_upper^k - V_upper^k-1||_inf = 0.05900425545498477753, ||V_lower^k - V_lower^k-1||_inf = 0.11558259664589476401
    Local Iteration  19: ||V_upper^k - V_upper^k-1||_inf = 0.05664408523678532426, ||V_lower^k - V_lower^k-1||_inf = 0.11095929278005867147
    Local Iteration  20: ||V_upper^k - V_upper^k-1||_inf = 0.05437832182731394681, ||V_lower^k - V_lower^k-1||_inf = 0.10652092106885646672
    Local Iteration  21: ||V_upper^k - V_upper^k-1||_inf = 0.05220318895422138006, ||V_lower^k - V_lower^k-1||_inf = 0.10226008422610233239
    Local Iteration  22: ||V_upper^k - V_upper^k-1||_inf = 0.05011506139605259591, ||V_lower^k - V_lower^k-1||_inf = 0.09816968085705823910
    Local Iteration  23: ||V_upper^k - V_upper^k-1||_inf = 0.04811045894021037661, ||V_lower^k - V_lower^k-1||_inf = 0.09424289362277571414
    Local Iteration  24: ||V_upper^k - V_upper^k-1||_inf = 0.04618604058260200595, ||V_lower^k - V_lower^k-1||_inf = 0.09047317787786468557
    Local Iteration  25: ||V_upper^k - V_upper^k-1||_inf = 0.04433859895929792572, ||V_lower^k - V_lower^k-1||_inf = 0.08685425076274988498
    Local Iteration  26: ||V_upper^k - V_upper^k-1||_inf = 0.04256505500092599981, ||V_lower^k - V_lower^k-1||_inf = 0.08338008073224001393
    Local Iteration  27: ||V_upper^k - V_upper^k-1||_inf = 0.04086245280088895981, ||V_lower^k - V_lower^k-1||_inf = 0.08004487750295052884
    Local Iteration  28: ||V_upper^k - V_upper^k-1||_inf = 0.03922795468885342807, ||V_lower^k - V_lower^k-1||_inf = 0.07684308240283255209
    Local Iteration  29: ||V_upper^k - V_upper^k-1||_inf = 0.03765883650129930871, ||V_lower^k - V_lower^k-1||_inf = 0.07376935910671922336
    Local Iteration  30: ||V_upper^k - V_upper^k-1||_inf = 0.03615248304124729639, ||V_lower^k - V_lower^k-1||_inf = 0.07081858474245050772
    Local Iteration  31: ||V_upper^k - V_upper^k-1||_inf = 0.03470638371959744450, ||V_lower^k - V_lower^k-1||_inf = 0.06798584135275231866
    Local Iteration  32: ||V_upper^k - V_upper^k-1||_inf = 0.03331812837081349343, ||V_lower^k - V_lower^k-1||_inf = 0.06526640769864222591
    Local Iteration  33: ||V_upper^k - V_upper^k-1||_inf = 0.03198540323598098034, ||V_lower^k - V_lower^k-1||_inf = 0.06265575139069667898
    Local Iteration  34: ||V_upper^k - V_upper^k-1||_inf = 0.03070598710654171004, ||V_lower^k - V_lower^k-1||_inf = 0.06014952133506867860
    Local Iteration  35: ||V_upper^k - V_upper^k-1||_inf = 0.02947774762228005940, ||V_lower^k - V_lower^k-1||_inf = 0.04675285589017641463
    Local Iteration  36: ||V_upper^k - V_upper^k-1||_inf = 0.02829863771738883038, ||V_lower^k - V_lower^k-1||_inf = 0.00000000000000000000
    Local Iteration  37: ||V_upper^k - V_upper^k-1||_inf = 0.02716669220869327717, ||V_lower^k - V_lower^k-1||_inf = 0.00000000000000000000
    Local Iteration  38: ||V_upper^k - V_upper^k-1||_inf = 0.02608002452034563490, ||V_lower^k - V_lower^k-1||_inf = 0.00000000000000000000
    Local Iteration  39: ||V_upper^k - V_upper^k-1||_inf = 0.02503682353953173845, ||V_lower^k - V_lower^k-1||_inf = 0.00000000000000000000
    Local Iteration  40: ||V_upper^k - V_upper^k-1||_inf = 0.02403535059795047779, ||V_lower^k - V_lower^k-1||_inf = 0.00000000000000000000
    Local Iteration  41: ||V_upper^k - V_upper^k-1||_inf = 0.02307393657403244980, ||V_lower^k - V_lower^k-1||_inf = 0.00000000000000000000
    Local Iteration  42: ||V_upper^k - V_upper^k-1||_inf = 0.02215097911107122286, ||V_lower^k - V_lower^k-1||_inf = 0.00000000000000000000
    Local Iteration  43: ||V_upper^k - V_upper^k-1||_inf = 0.02126493994662836950, ||V_lower^k - V_lower^k-1||_inf = 0.00000000000000000000
    Local Iteration  44: ||V_upper^k - V_upper^k-1||_inf = 0.02041434234876321474, ||V_lower^k - V_lower^k-1||_inf = 0.00000000000000000000
    Local Iteration  45: ||V_upper^k - V_upper^k-1||_inf = 0.01959776865481266395, ||V_lower^k - V_lower^k-1||_inf = 0.00000000000000000000
    Local Iteration  46: ||V_upper^k - V_upper^k-1||_inf = 0.01881385790862016849, ||V_lower^k - V_lower^k-1||_inf = 0.00000000000000000000
    Local Iteration  47: ||V_upper^k - V_upper^k-1||_inf = 0.01806130359227536841, ||V_lower^k - V_lower^k-1||_inf = 0.00000000000000000000
    Local Iteration  48: ||V_upper^k - V_upper^k-1||_inf = 0.01733885144858432481, ||V_lower^k - V_lower^k-1||_inf = 0.00000000000000000000
    Local Iteration  49: ||V_upper^k - V_upper^k-1||_inf = 0.01664529739064096736, ||V_lower^k - V_lower^k-1||_inf = 0.00000000000000000000
    Local Iteration  50: ||V_upper^k - V_upper^k-1||_inf = 0.01597948549501532201, ||V_lower^k - V_lower^k-1||_inf = 0.00000000000000000000
    Local Iteration  51: ||V_upper^k - V_upper^k-1||_inf = 0.00073020238122228909, ||V_lower^k - V_lower^k-1||_inf = 0.00000000000000000000
    Local Iteration  52: ||V_upper^k - V_upper^k-1||_inf = 0.00000000000000000000, ||V_lower^k - V_lower^k-1||_inf = 0.00000000000000000000

==================================================
 LOCAL CONVERGENCE ACHIEVED
==================================================
  ||V_upper^k - V_upper^k-1||_inf = 0.00000000000000000000e+00 < tolerance = 1e-08
  ||V_lower^k - V_lower^k-1||_inf = 0.00000000000000000000e+00 < tolerance = 1e-08
  Converged in 52 iterations
  V_lower increased from min(l_lower, r_lower); smallest step 0.000e+00
    Local VI completed in 52 iterations
    Final convergence values:
      ||V_upper^final - V_upper^prev||_inf = 0.00000000e+00
      ||V_lower^final - V_lower^prev||_inf = 0.00000000e+00
  Local VI completed in 52 iterations, time: 9.165s
    Final ||V_upper^k - V_upper^k-1||_inf = 0.00000000000000000000e+00
    Final ||V_lower^k - V_lower^k-1||_inf = 0.00000000000000000000e+00
  Saved visualization: /Users/i.k.tabbara/Documents/python directory/HSCC_2027/refactored_Implementations/results_hscc_2027_modified_init/ra_discount/bicycle_res5_eps0.1_dmin1e-08_dmax1e-08_gamma0.96_dt0.3_tau0.3_std/value_function_phase_7_complete.png
  Phase 7 completed in 9.82s with 373125 leaf cells

Classification after phase 7:
  Safe:             1000 cells (  0.3%),    0.5% of state space
  Unsafe:          18125 cells (  4.9%),   11.0% of state space
  Unclassified:   354000 cells ( 94.9%),   88.5% of state space

======================================================================
REFINEMENT PHASE 8
======================================================================
Boundary cells: 354000
  Refinable (>eta_min=0.035355): 354000
  Below threshold: 0
  Cumulative refined: 370000
  Refinable cell size statistics:
    Max:    0.314159
    Mean:   0.314159
    Min:    0.314159
    Median: 0.314159
  Refining 354000 cells...
    Refined: 354000 parent cells
    Created: 708000 child cells
    Total cells: 727125
    Refinement time: 0.036s
    Cumulative refined: 724000
  Rebuilding spatial index...
  Building spatial index for 727125 cells...
   Spatial index built in 0.21s
    Spatial index rebuilt in 0.212s
  Initializing 708000 new cells...
  Initializing 708000 new cells in parallel...
   Initialized in 0.00s (281548212.9 cells/s)
    Initialization completed in 0.003s
  Starting local value iteration...
  Reinitializing ALL 727125 cells (V_lower = min(l, r), V_upper = l)
   Reinitialized 727125 cells in 0.00s (371542869.3 cells/s)
  Local VI: updating all 727125 cells
    Conservative mode: False
    Convergence tolerance: 1e-08
    Max iterations: 20000
    Updating successor cache for 708000 updated cells...
    Updating successor cache for 708000 new cells (HYBRID)...
      Affected cells: 727085
   Trajectories + spatial queries computed in 9.44s (692902.0 tasks/s)
    Breakdown: 12.7% ODE, 87.3% queries
     Cache updated in 9.82s (666506.1 tasks/s)
    Local Iteration   1: ||V_upper^k - V_upper^k-1||_inf = 0.11770562748477164661, ||V_lower^k - V_lower^k-1||_inf = 0.23095589815078731988
    Local Iteration   2: ||V_upper^k - V_upper^k-1||_inf = 0.11299740238538058534, ||V_lower^k - V_lower^k-1||_inf = 0.22171766222475586261
    Local Iteration   3: ||V_upper^k - V_upper^k-1||_inf = 0.10847750628996521982, ||V_lower^k - V_lower^k-1||_inf = 0.21284895573576623207
    Local Iteration   4: ||V_upper^k - V_upper^k-1||_inf = 0.10413840603836677090, ||V_lower^k - V_lower^k-1||_inf = 0.20433499750633554726
    Local Iteration   5: ||V_upper^k - V_upper^k-1||_inf = 0.09997286979683206454, ||V_lower^k - V_lower^k-1||_inf = 0.19616159760608198326
    Local Iteration   6: ||V_upper^k - V_upper^k-1||_inf = 0.09597395500495897736, ||V_lower^k - V_lower^k-1||_inf = 0.18831513370183827760
    Local Iteration   7: ||V_upper^k - V_upper^k-1||_inf = 0.09213499680476067155, ||V_lower^k - V_lower^k-1||_inf = 0.18078252835376495966
    Local Iteration   8: ||V_upper^k - V_upper^k-1||_inf = 0.08844959693257026245, ||V_lower^k - V_lower^k-1||_inf = 0.17355122721961446786
    Local Iteration   9: ||V_upper^k - V_upper^k-1||_inf = 0.08491161305526739866, ||V_lower^k - V_lower^k-1||_inf = 0.16660917813082987138
    Local Iteration  10: ||V_upper^k - V_upper^k-1||_inf = 0.08151514853305652508, ||V_lower^k - V_lower^k-1||_inf = 0.15994481100559632125
    Local Iteration  11: ||V_upper^k - V_upper^k-1||_inf = 0.07825454259173425520, ||V_lower^k - V_lower^k-1||_inf = 0.15354701856537245064
    Local Iteration  12: ||V_upper^k - V_upper^k-1||_inf = 0.07512436088806495604, ||V_lower^k - V_lower^k-1||_inf = 0.14740513782275765919
    Local Iteration  13: ||V_upper^k - V_upper^k-1||_inf = 0.07211938645254223346, ||V_lower^k - V_lower^k-1||_inf = 0.14150893230984751270
    Local Iteration  14: ||V_upper^k - V_upper^k-1||_inf = 0.06923461099444061517, ||V_lower^k - V_lower^k-1||_inf = 0.13584857501745339903
    Local Iteration  15: ||V_upper^k - V_upper^k-1||_inf = 0.06646522655466302609, ||V_lower^k - V_lower^k-1||_inf = 0.13041463201675540517
    Local Iteration  16: ||V_upper^k - V_upper^k-1||_inf = 0.06380661749247651393, ||V_lower^k - V_lower^k-1||_inf = 0.12519804673608536660
    Local Iteration  17: ||V_upper^k - V_upper^k-1||_inf = 0.06125435279277735567, ||V_lower^k - V_lower^k-1||_inf = 0.12019012486664193418
    Local Iteration  18: ||V_upper^k - V_upper^k-1||_inf = 0.05880417868106624368, ||V_lower^k - V_lower^k-1||_inf = 0.11538251987197600812
    Local Iteration  19: ||V_upper^k - V_upper^k-1||_inf = 0.05645201153382362058, ||V_lower^k - V_lower^k-1||_inf = 0.11076721907709696779
    Local Iteration  20: ||V_upper^k - V_upper^k-1||_inf = 0.05419393107247061359, ||V_lower^k - V_lower^k-1||_inf = 0.10633653031401335554
    Local Iteration  21: ||V_upper^k - V_upper^k-1||_inf = 0.05202617382957197556, ||V_lower^k - V_lower^k-1||_inf = 0.10208306910145248381
    Local Iteration  22: ||V_upper^k - V_upper^k-1||_inf = 0.04994512687638907877, ||V_lower^k - V_lower^k-1||_inf = 0.09799974633739472196
    Local Iteration  23: ||V_upper^k - V_upper^k-1||_inf = 0.04794732180133354227, ||V_lower^k - V_lower^k-1||_inf = 0.09407975648389887979
    Local Iteration  24: ||V_upper^k - V_upper^k-1||_inf = 0.04602942892928019170, ||V_lower^k - V_lower^k-1||_inf = 0.09031656622454287131
    Local Iteration  25: ||V_upper^k - V_upper^k-1||_inf = 0.04418825177210883304, ||V_lower^k - V_lower^k-1||_inf = 0.08670390357556101435
    Local Iteration  26: ||V_upper^k - V_upper^k-1||_inf = 0.04242072170122446195, ||V_lower^k - V_lower^k-1||_inf = 0.08323574743253869812
    Local Iteration  27: ||V_upper^k - V_upper^k-1||_inf = 0.04072389283317556785, ||V_lower^k - V_lower^k-1||_inf = 0.07990631753523702585
    Local Iteration  28: ||V_upper^k - V_upper^k-1||_inf = 0.03909493711984857178, ||V_lower^k - V_lower^k-1||_inf = 0.07671006483382747376
    Local Iteration  29: ||V_upper^k - V_upper^k-1||_inf = 0.03753113963505461115, ||V_lower^k - V_lower^k-1||_inf = 0.07364166224047452580
    Local Iteration  30: ||V_upper^k - V_upper^k-1||_inf = 0.03602989404965240006, ||V_lower^k - V_lower^k-1||_inf = 0.07069599575085550036
    Local Iteration  31: ||V_upper^k - V_upper^k-1||_inf = 0.03458869828766630850, ||V_lower^k - V_lower^k-1||_inf = 0.06786815592082118265
    Local Iteration  32: ||V_upper^k - V_upper^k-1||_inf = 0.03320515035615967392, ||V_lower^k - V_lower^k-1||_inf = 0.06515342968398840640
    Local Iteration  33: ||V_upper^k - V_upper^k-1||_inf = 0.03187694434191323811, ||V_lower^k - V_lower^k-1||_inf = 0.06254729249662882573
    Local Iteration  34: ||V_upper^k - V_upper^k-1||_inf = 0.03060186656823671303, ||V_lower^k - V_lower^k-1||_inf = 0.06004540079676368158
    Local Iteration  35: ||V_upper^k - V_upper^k-1||_inf = 0.02937779190550726671, ||V_lower^k - V_lower^k-1||_inf = 0.04425396297085604225
    Local Iteration  36: ||V_upper^k - V_upper^k-1||_inf = 0.02820268022928695828, ||V_lower^k - V_lower^k-1||_inf = 0.00000000000000000000
    Local Iteration  37: ||V_upper^k - V_upper^k-1||_inf = 0.02707457302011551104, ||V_lower^k - V_lower^k-1||_inf = 0.00000000000000000000
    Local Iteration  38: ||V_upper^k - V_upper^k-1||_inf = 0.02599159009931084618, ||V_lower^k - V_lower^k-1||_inf = 0.00000000000000000000
    Local Iteration  39: ||V_upper^k - V_upper^k-1||_inf = 0.02495192649533839457, ||V_lower^k - V_lower^k-1||_inf = 0.00000000000000000000
    Local Iteration  40: ||V_upper^k - V_upper^k-1||_inf = 0.02395384943552492096, ||V_lower^k - V_lower^k-1||_inf = 0.00000000000000000000
    Local Iteration  41: ||V_upper^k - V_upper^k-1||_inf = 0.02299569545810387083, ||V_lower^k - V_lower^k-1||_inf = 0.00000000000000000000
    Local Iteration  42: ||V_upper^k - V_upper^k-1||_inf = 0.02207586763977975597, ||V_lower^k - V_lower^k-1||_inf = 0.00000000000000000000
    Local Iteration  43: ||V_upper^k - V_upper^k-1||_inf = 0.02119283293418849912, ||V_lower^k - V_lower^k-1||_inf = 0.00000000000000000000
    Local Iteration  44: ||V_upper^k - V_upper^k-1||_inf = 0.02034511961682100578, ||V_lower^k - V_lower^k-1||_inf = 0.00000000000000000000
    Local Iteration  45: ||V_upper^k - V_upper^k-1||_inf = 0.01953131483214815001, ||V_lower^k - V_lower^k-1||_inf = 0.00000000000000000000
    Local Iteration  46: ||V_upper^k - V_upper^k-1||_inf = 0.01875006223886221957, ||V_lower^k - V_lower^k-1||_inf = 0.00000000000000000000
    Local Iteration  47: ||V_upper^k - V_upper^k-1||_inf = 0.01800005974930773966, ||V_lower^k - V_lower^k-1||_inf = 0.00000000000000000000
    Local Iteration  48: ||V_upper^k - V_upper^k-1||_inf = 0.01728005735933541009, ||V_lower^k - V_lower^k-1||_inf = 0.00000000000000000000
    Local Iteration  49: ||V_upper^k - V_upper^k-1||_inf = 0.01658885506496199369, ||V_lower^k - V_lower^k-1||_inf = 0.00000000000000000000
    Local Iteration  50: ||V_upper^k - V_upper^k-1||_inf = 0.01535507205994313118, ||V_lower^k - V_lower^k-1||_inf = 0.00000000000000000000
    Local Iteration  51: ||V_upper^k - V_upper^k-1||_inf = 0.00000000000000000000, ||V_lower^k - V_lower^k-1||_inf = 0.00000000000000000000

==================================================
 LOCAL CONVERGENCE ACHIEVED
==================================================
  ||V_upper^k - V_upper^k-1||_inf = 0.00000000000000000000e+00 < tolerance = 1e-08
  ||V_lower^k - V_lower^k-1||_inf = 0.00000000000000000000e+00 < tolerance = 1e-08
  Converged in 51 iterations
  V_lower increased from min(l_lower, r_lower); smallest step 0.000e+00
    Local VI completed in 51 iterations
    Final convergence values:
      ||V_upper^final - V_upper^prev||_inf = 0.00000000e+00
      ||V_lower^final - V_lower^prev||_inf = 0.00000000e+00
  Local VI completed in 51 iterations, time: 73.834s
    Final ||V_upper^k - V_upper^k-1||_inf = 0.00000000000000000000e+00
    Final ||V_lower^k - V_lower^k-1||_inf = 0.00000000000000000000e+00
  Saved visualization: /Users/i.k.tabbara/Documents/python directory/HSCC_2027/refactored_Implementations/results_hscc_2027_modified_init/ra_discount/bicycle_res5_eps0.1_dmin1e-08_dmax1e-08_gamma0.96_dt0.3_tau0.3_std/value_function_phase_8_complete.png
  Phase 8 completed in 74.64s with 727125 leaf cells

Classification after phase 8:
  Safe:             1000 cells (  0.1%),    0.5% of state space
  Unsafe:          18125 cells (  2.5%),   11.0% of state space
  Unclassified:   708000 cells ( 97.4%),   88.5% of state space

======================================================================
ADAPTIVE REFINEMENT COMPLETE
======================================================================
Refinement Summary:
  Phases completed: 8
  Parent cells refined: 724000
  Child cells created: 1448000
  Final cells: 727125
Final Boundary State:
  Boundary cells: 708000
  Still refinable: 708000
  Below threshold: 0

Final Cell Classification:
  Safe:             1000 cells (  0.1%),    0.5% of state space
  Unsafe:          18125 cells (  2.5%),   11.0% of state space
  Unclassified:   708000 cells ( 97.4%),   88.5% of state space

 All results saved to: /Users/i.k.tabbara/Documents/python directory/HSCC_2027/refactored_Implementations/results_hscc_2027_modified_init/ra_discount/bicycle_res5_eps0.1_dmin1e-08_dmax1e-08_gamma0.96_dt0.3_tau0.3_std/
ALGORITHM 2 COMPLETE
Total time: 101.85 seconds

======================================================================
TIMING BREAKDOWN (RA_discount)
======================================================================
  grid construction      :      0.000 s
  spatial index builds   :      0.411 s
  cell initialization    :      0.009 s
  ODE integration        :      2.560 s  (13320765 solves)
  successor set queries  :     15.790 s
  value iteration        :     77.349 s  (389 sweeps)
  cell splitting         :      0.070 s
  plotting / output      :      4.633 s
  checkpoint writes      :      0.000 s
  ------------------------------------------------
  TOTAL                  :    108.857 s
  final leaf cells       :     727125
TOTAL WALL TIME: 108.86 seconds
# run finished 2026-10-04T21:08:15
