
######################################################################
# run started 2026-10-03T13:53:50
# command: ./build/dhj --mode ra_nodiscount --dynamics bicycle --a-max 0.2 --v-max 1 --dt 0.3 --tau 0.3 --initial-resolution 5 --epsilon 0.1 --delta-min 1e-8 --delta-max 1e-8 --gamma 0.9 --conservative --refinements 30 --vi-iterations 20000 --checkpoint-every 0 --plot-dpi 300 --workers 12 --results-root /Users/i.k.tabbara/Documents/python directory/HSCC_2027/refactored_Implementations/results_hscc_2027
# cwd: /Users/i.k.tabbara/Documents/python directory/HSCC_2027/refactored_Implementations/cpp
######################################################################
DISCRETE HJ REACH-AVOID SOLVER (C++)
Mode: ra_nodiscount (RA_nodiscount.py semantics)
Algorithm: 2, Workers: 12
Output directory: /Users/i.k.tabbara/Documents/python directory/HSCC_2027/refactored_Implementations/results_hscc_2027/ra_nodiscount/bicycle_res5_eps0.1_dmin1e-08_dmax1e-08_gamma0.9_dt0.3_tau0.3_cons
Conservative mode: True
Dynamics: bicycle (5-D)
  Time discretization: 1 steps of dt=0.3 s over tau=0.3 s
======================================================================
ALGORITHM 2/3: Adaptive Refinement
======================================================================
Environment: bicycle
Initializing grid with resolution 5^5...
  Building spatial index for 3125 cells...
   Spatial index built in 0.00s

Gronwall Reachability Initialized:
  Lipschitz constant L = 2.15218
  Checkpoint interval dt = 0.3
  Control horizon tau = 0.3
  Number of checkpoints = 1
  Checkpoint times: ['0.300']
  Growth factors: ['1.907234']
Initialized with gamma=0.9, L_f=2.15218, L_l=1.41421,  L_r=1.41421
Contraction factor: gamma*L_f = 1.9370
Using 12 parallel workers

======================================================================
ADAPTIVE REFINEMENT CONFIGURATION
======================================================================
  Error tolerance eps: 0.1
  Minimum cell size eta_min: 0.035355
  Maximum refinements: 30
  VI iterations per refinement: 20000
  Conservative mode: True
  delta_max: 1e-08

======================================================================
PHASE 0: INITIAL VALUE ITERATION
======================================================================
Grid: 3125 cells
  Precomputing successor sets...

Precomputing successor sets with HYBRID approach...
  Step 1: Computing 28125 trajectories in parallel...
   Trajectories + spatial queries computed in 0.03s (1053216.3 tasks/s)
    Breakdown: 28.2% ODE, 71.8% queries

Starting OPTIMIZED PARALLEL value iteration (max 20000 iterations)...
Conservative mode: True
Conservative tolerance delta_max: 1e-08
Conservative margin will be: eps_cons = (gamma * delta_actual) / (1 - gamma)
Number of cells: 3125
Iteration   1: ||V_upper^k - V_upper^k-1||_inf = 0.00000000000000000000, ||V_lower^k - V_lower^k-1||_inf = 2.20553596206375424060, delta^k = -2.20553596206375424060
Iteration   2: ||V_upper^k - V_upper^k-1||_inf = 0.00000000000000000000, ||V_lower^k - V_lower^k-1||_inf = 1.18857658763167339799, delta^k = -1.18857658763167339799
Iteration   3: ||V_upper^k - V_upper^k-1||_inf = 0.00000000000000000000, ||V_lower^k - V_lower^k-1||_inf = 0.03081939870458683117, delta^k = -0.03081939870458683117
Iteration   4: ||V_upper^k - V_upper^k-1||_inf = 0.00000000000000000000, ||V_lower^k - V_lower^k-1||_inf = 0.00000000000000000000, delta^k = 0.00000000000000000000

============================================================
 CONSERVATIVE STOPPING CONDITION MET (Algorithm 3)
============================================================
  delta^k = 0.0000000000e+00 >= -delta_max
  ||V_upper^k - V_upper^k-1||_inf = 0.0000000000e+00 < 0.001
  eps_cons = (0.9 * 0.0000000000e+00) / 0.1 = 0.0000000000e+00
  Correcting V_lower for 3125 cells: V_lower <- V_lower - eps_cons - eps_machine
   Conservative correction applied successfully
  Machine epsilon eps_machine = 2.220e-16

Value iteration completed in 4 iterations
total time for running value_iteration the first time (phase 0) on the initial grid including grid initialization, setting up cpu parallelism, successor set computation and value iteration is 0.638317 seconds
Initial VI completed in 4 iterations
Final convergence: ||V_upper||_inf = 0.00000000e+00, ||V_lower||_inf = 0.00000000e+00
Saved initial visualization: /Users/i.k.tabbara/Documents/python directory/HSCC_2027/refactored_Implementations/results_hscc_2027/ra_nodiscount/bicycle_res5_eps0.1_dmin1e-08_dmax1e-08_gamma0.9_dt0.3_tau0.3_cons/value_function_phase_0_complete.png

Classification after phase 0:
  Safe:                0 cells (  0.0%),    0.0% of state space
  Unsafe:            125 cells (  4.0%),    4.0% of state space
  Unclassified:     3000 cells ( 96.0%),   96.0% of state space

======================================================================
INITIAL QUEUE STATE
======================================================================
Total boundary cells: 3000
  Refinable (>eta_min=0.035355): 3000
  Below threshold: 0

======================================================================
REFINEMENT PHASE 1
======================================================================
Boundary cells: 3000
  Refinable (>eta_min=0.035355): 3000
  Below threshold: 0
  Cumulative refined: 0
  Refinable cell size statistics:
    Max:    1.256637
    Mean:   1.256637
    Min:    1.256637
    Median: 1.256637
  Refining 3000 cells...
    Refined: 3000 parent cells
    Created: 6000 child cells
    Total cells: 6125
    Refinement time: 0.000s
    Cumulative refined: 3000
  Rebuilding spatial index...
  Building spatial index for 6125 cells...
   Spatial index built in 0.00s
    Spatial index rebuilt in 0.001s
  Initializing 6000 new cells...
  Initializing 6000 new cells in parallel...
   Initialized in 0.00s (60965696.6 cells/s)
    Initialization completed in 0.000s
  Starting local value iteration...
  Reinitializing ALL 6125 cells to l_lower/l_upper (Lemma 1 requirement)
   Reinitialized 6125 cells in 0.00s (245412292.7 cells/s)
  Local VI: updating all 6125 cells
    Conservative mode: True
    delta_max: 1e-08
    Max iterations: 20000
    Updating successor cache for 6000 updated cells...
    Updating successor cache for 6000 new cells (HYBRID)...
      Affected cells: 6125
   Trajectories + spatial queries computed in 0.07s (769191.4 tasks/s)
    Breakdown: 18.9% ODE, 81.1% queries
     Cache updated in 0.07s (752893.8 tasks/s)
    Local Iteration   1: ||V_upper^k - V_upper^k-1||_inf = 0.00000000000000000000, ||V_lower^k - V_lower^k-1||_inf = 2.24558441227157068454, delta^k = -2.24558441227157068454
    Local Iteration   2: ||V_upper^k - V_upper^k-1||_inf = 0.00000000000000000000, ||V_lower^k - V_lower^k-1||_inf = 1.18857658763167339799, delta^k = -1.18857658763167339799
    Local Iteration   3: ||V_upper^k - V_upper^k-1||_inf = 0.00000000000000000000, ||V_lower^k - V_lower^k-1||_inf = 0.07086784891240327511, delta^k = -0.07086784891240327511
    Local Iteration   4: ||V_upper^k - V_upper^k-1||_inf = 0.00000000000000000000, ||V_lower^k - V_lower^k-1||_inf = 0.00000000000000000000, delta^k = 0.00000000000000000000

============================================================
 CONSERVATIVE STOPPING CONDITION MET (Algorithm 3)
============================================================
  delta^k = 0.0000000000e+00 >= -delta_max
  ||V_upper^k - V_upper^k-1||_inf = 0.0000000000e+00 < 1e-08
  eps_cons = (0.9 * 0.0000000000e+00) / 0.1 = 0.0000000000e+00
  Correcting V_lower for 6125 cells: V_lower <- V_lower - eps_cons - eps_machine
   Conservative correction applied successfully
  Machine epsilon eps_machine = 2.220e-16
    Local VI completed in 4 iterations
    Final convergence values:
      ||V_upper^final - V_upper^prev||_inf = 0.00000000e+00
      ||V_lower^final - V_lower^prev||_inf = 0.00000000e+00
  Local VI completed in 4 iterations, time: 0.122s
    Final ||V_upper^k - V_upper^k-1||_inf = 0.00000000000000000000e+00
    Final ||V_lower^k - V_lower^k-1||_inf = 0.00000000000000000000e+00
  Saved visualization: /Users/i.k.tabbara/Documents/python directory/HSCC_2027/refactored_Implementations/results_hscc_2027/ra_nodiscount/bicycle_res5_eps0.1_dmin1e-08_dmax1e-08_gamma0.9_dt0.3_tau0.3_cons/value_function_phase_1_complete.png
  Phase 1 completed in 0.61s with 6125 leaf cells

Classification after phase 1:
  Safe:                0 cells (  0.0%),    0.0% of state space
  Unsafe:            125 cells (  2.0%),    4.0% of state space
  Unclassified:     6000 cells ( 98.0%),   96.0% of state space

======================================================================
REFINEMENT PHASE 2
======================================================================
Boundary cells: 6000
  Refinable (>eta_min=0.035355): 6000
  Below threshold: 0
  Cumulative refined: 3000
  Refinable cell size statistics:
    Max:    1.200000
    Mean:   1.200000
    Min:    1.200000
    Median: 1.200000
  Refining 6000 cells...
    Refined: 6000 parent cells
    Created: 12000 child cells
    Total cells: 12125
    Refinement time: 0.000s
    Cumulative refined: 9000
  Rebuilding spatial index...
  Building spatial index for 12125 cells...
   Spatial index built in 0.00s
    Spatial index rebuilt in 0.002s
  Initializing 12000 new cells...
  Initializing 12000 new cells in parallel...
   Initialized in 0.00s (91573693.9 cells/s)
    Initialization completed in 0.000s
  Starting local value iteration...
  Reinitializing ALL 12125 cells to l_lower/l_upper (Lemma 1 requirement)
   Reinitialized 12125 cells in 0.00s (209351313.1 cells/s)
  Local VI: updating all 12125 cells
    Conservative mode: True
    delta_max: 1e-08
    Max iterations: 20000
    Updating successor cache for 12000 updated cells...
    Updating successor cache for 12000 new cells (HYBRID)...
      Affected cells: 12125
   Trajectories + spatial queries computed in 0.20s (551332.7 tasks/s)
    Breakdown: 11.1% ODE, 88.9% queries
     Cache updated in 0.20s (535884.8 tasks/s)
    Local Iteration   1: ||V_upper^k - V_upper^k-1||_inf = 0.00000000000000000000, ||V_lower^k - V_lower^k-1||_inf = 2.46395023621383124635, delta^k = -2.46395023621383124635
    Local Iteration   2: ||V_upper^k - V_upper^k-1||_inf = 0.00000000000000000000, ||V_lower^k - V_lower^k-1||_inf = 1.18857658763167339799, delta^k = -1.18857658763167339799
    Local Iteration   3: ||V_upper^k - V_upper^k-1||_inf = 0.00000000000000000000, ||V_lower^k - V_lower^k-1||_inf = 0.27799851502648564860, delta^k = -0.27799851502648564860
    Local Iteration   4: ||V_upper^k - V_upper^k-1||_inf = 0.00000000000000000000, ||V_lower^k - V_lower^k-1||_inf = 0.00000000000000000000, delta^k = 0.00000000000000000000

============================================================
 CONSERVATIVE STOPPING CONDITION MET (Algorithm 3)
============================================================
  delta^k = 0.0000000000e+00 >= -delta_max
  ||V_upper^k - V_upper^k-1||_inf = 0.0000000000e+00 < 1e-08
  eps_cons = (0.9 * 0.0000000000e+00) / 0.1 = 0.0000000000e+00
  Correcting V_lower for 12125 cells: V_lower <- V_lower - eps_cons - eps_machine
   Conservative correction applied successfully
  Machine epsilon eps_machine = 2.220e-16
    Local VI completed in 4 iterations
    Final convergence values:
      ||V_upper^final - V_upper^prev||_inf = 0.00000000e+00
      ||V_lower^final - V_lower^prev||_inf = 0.00000000e+00
  Local VI completed in 4 iterations, time: 0.361s
    Final ||V_upper^k - V_upper^k-1||_inf = 0.00000000000000000000e+00
    Final ||V_lower^k - V_lower^k-1||_inf = 0.00000000000000000000e+00
  Saved visualization: /Users/i.k.tabbara/Documents/python directory/HSCC_2027/refactored_Implementations/results_hscc_2027/ra_nodiscount/bicycle_res5_eps0.1_dmin1e-08_dmax1e-08_gamma0.9_dt0.3_tau0.3_cons/value_function_phase_2_complete.png
  Phase 2 completed in 0.87s with 12125 leaf cells

Classification after phase 2:
  Safe:                0 cells (  0.0%),    0.0% of state space
  Unsafe:            125 cells (  1.0%),    4.0% of state space
  Unclassified:    12000 cells ( 99.0%),   96.0% of state space

======================================================================
REFINEMENT PHASE 3
======================================================================
Boundary cells: 12000
  Refinable (>eta_min=0.035355): 12000
  Below threshold: 0
  Cumulative refined: 9000
  Refinable cell size statistics:
    Max:    1.200000
    Mean:   1.200000
    Min:    1.200000
    Median: 1.200000
  Refining 12000 cells...
    Refined: 12000 parent cells
    Created: 24000 child cells
    Total cells: 24125
    Refinement time: 0.001s
    Cumulative refined: 21000
  Rebuilding spatial index...
  Building spatial index for 24125 cells...
   Spatial index built in 0.00s
    Spatial index rebuilt in 0.005s
  Initializing 24000 new cells...
  Initializing 24000 new cells in parallel...
   Initialized in 0.00s (213808463.3 cells/s)
    Initialization completed in 0.000s
  Starting local value iteration...
  Reinitializing ALL 24125 cells to l_lower/l_upper (Lemma 1 requirement)
   Reinitialized 24125 cells in 0.00s (534626038.8 cells/s)
  Local VI: updating all 24125 cells
    Conservative mode: True
    delta_max: 1e-08
    Max iterations: 20000
    Updating successor cache for 24000 updated cells...
    Updating successor cache for 24000 new cells (HYBRID)...
      Affected cells: 24125
   Trajectories + spatial queries computed in 0.19s (1150755.9 tasks/s)
    Breakdown: 22.5% ODE, 77.5% queries
     Cache updated in 0.21s (1024291.1 tasks/s)
    Local Iteration   1: ||V_upper^k - V_upper^k-1||_inf = 0.00000000000000000000, ||V_lower^k - V_lower^k-1||_inf = 3.07408832459152048244, delta^k = -3.07408832459152048244
    Local Iteration   2: ||V_upper^k - V_upper^k-1||_inf = 0.00000000000000000000, ||V_lower^k - V_lower^k-1||_inf = 1.71708049995162248536, delta^k = -1.71708049995162248536
    Local Iteration   3: ||V_upper^k - V_upper^k-1||_inf = 0.00000000000000000000, ||V_lower^k - V_lower^k-1||_inf = 1.18857658763167339799, delta^k = -1.18857658763167339799
    Local Iteration   4: ||V_upper^k - V_upper^k-1||_inf = 0.00000000000000000000, ||V_lower^k - V_lower^k-1||_inf = 1.18857658763167339799, delta^k = -1.18857658763167339799
    Local Iteration   5: ||V_upper^k - V_upper^k-1||_inf = 0.00000000000000000000, ||V_lower^k - V_lower^k-1||_inf = 0.39039558221413672712, delta^k = -0.39039558221413672712
    Local Iteration   6: ||V_upper^k - V_upper^k-1||_inf = 0.00000000000000000000, ||V_lower^k - V_lower^k-1||_inf = 0.05111707386970554268, delta^k = -0.05111707386970554268
    Local Iteration   7: ||V_upper^k - V_upper^k-1||_inf = 0.00000000000000000000, ||V_lower^k - V_lower^k-1||_inf = 0.00000000000000000000, delta^k = 0.00000000000000000000

============================================================
 CONSERVATIVE STOPPING CONDITION MET (Algorithm 3)
============================================================
  delta^k = 0.0000000000e+00 >= -delta_max
  ||V_upper^k - V_upper^k-1||_inf = 0.0000000000e+00 < 1e-08
  eps_cons = (0.9 * 0.0000000000e+00) / 0.1 = 0.0000000000e+00
  Correcting V_lower for 24125 cells: V_lower <- V_lower - eps_cons - eps_machine
   Conservative correction applied successfully
  Machine epsilon eps_machine = 2.220e-16
    Local VI completed in 7 iterations
    Final convergence values:
      ||V_upper^final - V_upper^prev||_inf = 0.00000000e+00
      ||V_lower^final - V_lower^prev||_inf = 0.00000000e+00
  Local VI completed in 7 iterations, time: 0.298s
    Final ||V_upper^k - V_upper^k-1||_inf = 0.00000000000000000000e+00
    Final ||V_lower^k - V_lower^k-1||_inf = 0.00000000000000000000e+00
  Saved visualization: /Users/i.k.tabbara/Documents/python directory/HSCC_2027/refactored_Implementations/results_hscc_2027/ra_nodiscount/bicycle_res5_eps0.1_dmin1e-08_dmax1e-08_gamma0.9_dt0.3_tau0.3_cons/value_function_phase_3_complete.png
  Phase 3 completed in 0.80s with 24125 leaf cells

Classification after phase 3:
  Safe:                0 cells (  0.0%),    0.0% of state space
  Unsafe:            125 cells (  0.5%),    4.0% of state space
  Unclassified:    24000 cells ( 99.5%),   96.0% of state space

======================================================================
REFINEMENT PHASE 4
======================================================================
Boundary cells: 24000
  Refinable (>eta_min=0.035355): 24000
  Below threshold: 0
  Cumulative refined: 21000
  Refinable cell size statistics:
    Max:    0.628319
    Mean:   0.628319
    Min:    0.628319
    Median: 0.628319
  Refining 24000 cells...
    Refined: 24000 parent cells
    Created: 48000 child cells
    Total cells: 48125
    Refinement time: 0.002s
    Cumulative refined: 45000
  Rebuilding spatial index...
  Building spatial index for 48125 cells...
   Spatial index built in 0.01s
    Spatial index rebuilt in 0.011s
  Initializing 48000 new cells...
  Initializing 48000 new cells in parallel...
   Initialized in 0.00s (270675674.2 cells/s)
    Initialization completed in 0.000s
  Starting local value iteration...
  Reinitializing ALL 48125 cells to l_lower/l_upper (Lemma 1 requirement)
   Reinitialized 48125 cells in 0.00s (532503457.8 cells/s)
  Local VI: updating all 48125 cells
    Conservative mode: True
    delta_max: 1e-08
    Max iterations: 20000
    Updating successor cache for 48000 updated cells...
    Updating successor cache for 48000 new cells (HYBRID)...
      Affected cells: 48125
   Trajectories + spatial queries computed in 0.53s (813538.5 tasks/s)
    Breakdown: 15.4% ODE, 84.6% queries
     Cache updated in 0.55s (782368.9 tasks/s)
    Local Iteration   1: ||V_upper^k - V_upper^k-1||_inf = 0.00000000000000000000, ||V_lower^k - V_lower^k-1||_inf = 3.09411254969542870441, delta^k = -3.09411254969542870441
    Local Iteration   2: ||V_upper^k - V_upper^k-1||_inf = 0.00000000000000000000, ||V_lower^k - V_lower^k-1||_inf = 1.73710472505553048528, delta^k = -1.73710472505553048528
    Local Iteration   3: ||V_upper^k - V_upper^k-1||_inf = 0.00000000000000000000, ||V_lower^k - V_lower^k-1||_inf = 1.18857658763167339799, delta^k = -1.18857658763167339799
    Local Iteration   4: ||V_upper^k - V_upper^k-1||_inf = 0.00000000000000000000, ||V_lower^k - V_lower^k-1||_inf = 1.18857658763167339799, delta^k = -1.18857658763167339799
    Local Iteration   5: ||V_upper^k - V_upper^k-1||_inf = 0.00000000000000000000, ||V_lower^k - V_lower^k-1||_inf = 0.39039558221413672712, delta^k = -0.39039558221413672712
    Local Iteration   6: ||V_upper^k - V_upper^k-1||_inf = 0.00000000000000000000, ||V_lower^k - V_lower^k-1||_inf = 0.07114129897361376464, delta^k = -0.07114129897361376464
    Local Iteration   7: ||V_upper^k - V_upper^k-1||_inf = 0.00000000000000000000, ||V_lower^k - V_lower^k-1||_inf = 0.00000000000000000000, delta^k = 0.00000000000000000000

============================================================
 CONSERVATIVE STOPPING CONDITION MET (Algorithm 3)
============================================================
  delta^k = 0.0000000000e+00 >= -delta_max
  ||V_upper^k - V_upper^k-1||_inf = 0.0000000000e+00 < 1e-08
  eps_cons = (0.9 * 0.0000000000e+00) / 0.1 = 0.0000000000e+00
  Correcting V_lower for 48125 cells: V_lower <- V_lower - eps_cons - eps_machine
   Conservative correction applied successfully
  Machine epsilon eps_machine = 2.220e-16
    Local VI completed in 7 iterations
    Final convergence values:
      ||V_upper^final - V_upper^prev||_inf = 0.00000000e+00
      ||V_lower^final - V_lower^prev||_inf = 0.00000000e+00
  Local VI completed in 7 iterations, time: 0.839s
    Final ||V_upper^k - V_upper^k-1||_inf = 0.00000000000000000000e+00
    Final ||V_lower^k - V_lower^k-1||_inf = 0.00000000000000000000e+00
  Saved visualization: /Users/i.k.tabbara/Documents/python directory/HSCC_2027/refactored_Implementations/results_hscc_2027/ra_nodiscount/bicycle_res5_eps0.1_dmin1e-08_dmax1e-08_gamma0.9_dt0.3_tau0.3_cons/value_function_phase_4_complete.png
  Phase 4 completed in 1.37s with 48125 leaf cells

Classification after phase 4:
  Safe:                0 cells (  0.0%),    0.0% of state space
  Unsafe:            125 cells (  0.3%),    4.0% of state space
  Unclassified:    48000 cells ( 99.7%),   96.0% of state space

======================================================================
REFINEMENT PHASE 5
======================================================================
Boundary cells: 48000
  Refinable (>eta_min=0.035355): 48000
  Below threshold: 0
  Cumulative refined: 45000
  Refinable cell size statistics:
    Max:    0.600000
    Mean:   0.600000
    Min:    0.600000
    Median: 0.600000
  Refining 48000 cells...
    Refined: 48000 parent cells
    Created: 96000 child cells
    Total cells: 96125
    Refinement time: 0.005s
    Cumulative refined: 93000
  Rebuilding spatial index...
  Building spatial index for 96125 cells...
   Spatial index built in 0.02s
    Spatial index rebuilt in 0.023s
  Initializing 96000 new cells...
  Initializing 96000 new cells in parallel...
   Initialized in 0.00s (392906402.3 cells/s)
    Initialization completed in 0.000s
  Starting local value iteration...
  Reinitializing ALL 96125 cells to l_lower/l_upper (Lemma 1 requirement)
   Reinitialized 96125 cells in 0.00s (522418478.3 cells/s)
  Local VI: updating all 96125 cells
    Conservative mode: True
    delta_max: 1e-08
    Max iterations: 20000
    Updating successor cache for 96000 updated cells...
    Updating successor cache for 96000 new cells (HYBRID)...
      Affected cells: 96125
   Trajectories + spatial queries computed in 1.81s (477721.2 tasks/s)
    Breakdown: 9.6% ODE, 90.4% queries
     Cache updated in 1.86s (465542.7 tasks/s)
    Local Iteration   1: ||V_upper^k - V_upper^k-1||_inf = 0.00000000000000000000, ||V_lower^k - V_lower^k-1||_inf = 3.20161162977879154568, delta^k = -3.20161162977879154568
    Local Iteration   2: ||V_upper^k - V_upper^k-1||_inf = 0.00000000000000000000, ||V_lower^k - V_lower^k-1||_inf = 2.08681059287854031581, delta^k = -2.08681059287854031581
    Local Iteration   3: ||V_upper^k - V_upper^k-1||_inf = 0.00000000000000000000, ||V_lower^k - V_lower^k-1||_inf = 1.18857658763167339799, delta^k = -1.18857658763167339799
    Local Iteration   4: ||V_upper^k - V_upper^k-1||_inf = 0.00000000000000000000, ||V_lower^k - V_lower^k-1||_inf = 1.18857658763167339799, delta^k = -1.18857658763167339799
    Local Iteration   5: ||V_upper^k - V_upper^k-1||_inf = 0.00000000000000000000, ||V_lower^k - V_lower^k-1||_inf = 1.18857658763167339799, delta^k = -1.18857658763167339799
    Local Iteration   6: ||V_upper^k - V_upper^k-1||_inf = 0.00000000000000000000, ||V_lower^k - V_lower^k-1||_inf = 0.37420670177616521812, delta^k = -0.37420670177616521812
    Local Iteration   7: ||V_upper^k - V_upper^k-1||_inf = 0.00000000000000000000, ||V_lower^k - V_lower^k-1||_inf = 0.00000000000000000000, delta^k = 0.00000000000000000000

============================================================
 CONSERVATIVE STOPPING CONDITION MET (Algorithm 3)
============================================================
  delta^k = 0.0000000000e+00 >= -delta_max
  ||V_upper^k - V_upper^k-1||_inf = 0.0000000000e+00 < 1e-08
  eps_cons = (0.9 * 0.0000000000e+00) / 0.1 = 0.0000000000e+00
  Correcting V_lower for 96125 cells: V_lower <- V_lower - eps_cons - eps_machine
   Conservative correction applied successfully
  Machine epsilon eps_machine = 2.220e-16
    Local VI completed in 7 iterations
    Final convergence values:
      ||V_upper^final - V_upper^prev||_inf = 0.00000000e+00
      ||V_lower^final - V_lower^prev||_inf = 0.00000000e+00
  Local VI completed in 7 iterations, time: 2.727s
    Final ||V_upper^k - V_upper^k-1||_inf = 0.00000000000000000000e+00
    Final ||V_lower^k - V_lower^k-1||_inf = 0.00000000000000000000e+00
  Saved visualization: /Users/i.k.tabbara/Documents/python directory/HSCC_2027/refactored_Implementations/results_hscc_2027/ra_nodiscount/bicycle_res5_eps0.1_dmin1e-08_dmax1e-08_gamma0.9_dt0.3_tau0.3_cons/value_function_phase_5_complete.png
  Phase 5 completed in 3.25s with 96125 leaf cells

Classification after phase 5:
  Safe:                0 cells (  0.0%),    0.0% of state space
  Unsafe:           2125 cells (  2.2%),    6.0% of state space
  Unclassified:    94000 cells ( 97.8%),   94.0% of state space

======================================================================
REFINEMENT PHASE 6
======================================================================
Boundary cells: 94000
  Refinable (>eta_min=0.035355): 94000
  Below threshold: 0
  Cumulative refined: 93000
  Refinable cell size statistics:
    Max:    0.600000
    Mean:   0.600000
    Min:    0.600000
    Median: 0.600000
  Refining 94000 cells...
    Refined: 94000 parent cells
    Created: 188000 child cells
    Total cells: 190125
    Refinement time: 0.008s
    Cumulative refined: 187000
  Rebuilding spatial index...
  Building spatial index for 190125 cells...
   Spatial index built in 0.05s
    Spatial index rebuilt in 0.047s
  Initializing 188000 new cells...
  Initializing 188000 new cells in parallel...
   Initialized in 0.00s (350991832.0 cells/s)
    Initialization completed in 0.001s
  Starting local value iteration...
  Reinitializing ALL 190125 cells to l_lower/l_upper (Lemma 1 requirement)
   Reinitialized 190125 cells in 0.00s (394654904.0 cells/s)
  Local VI: updating all 190125 cells
    Conservative mode: True
    delta_max: 1e-08
    Max iterations: 20000
    Updating successor cache for 188000 updated cells...
    Updating successor cache for 188000 new cells (HYBRID)...
      Affected cells: 190125
   Trajectories + spatial queries computed in 2.08s (820919.0 tasks/s)
    Breakdown: 16.2% ODE, 83.8% queries
     Cache updated in 2.22s (770842.9 tasks/s)
    Local Iteration   1: ||V_upper^k - V_upper^k-1||_inf = 0.00000000000000000000, ||V_lower^k - V_lower^k-1||_inf = 3.44766594028870221322, delta^k = -3.44766594028870221322
    Local Iteration   2: ||V_upper^k - V_upper^k-1||_inf = 0.00000000000000000000, ||V_lower^k - V_lower^k-1||_inf = 2.59913780286484463744, delta^k = -2.59913780286484463744
    Local Iteration   3: ||V_upper^k - V_upper^k-1||_inf = 0.00000000000000000000, ||V_lower^k - V_lower^k-1||_inf = 2.09065811564880466022, delta^k = -2.09065811564880466022
    Local Iteration   4: ||V_upper^k - V_upper^k-1||_inf = 0.00000000000000000000, ||V_lower^k - V_lower^k-1||_inf = 1.18857658763167339799, delta^k = -1.18857658763167339799
    Local Iteration   5: ||V_upper^k - V_upper^k-1||_inf = 0.00000000000000000000, ||V_lower^k - V_lower^k-1||_inf = 1.18857658763167339799, delta^k = -1.18857658763167339799
    Local Iteration   6: ||V_upper^k - V_upper^k-1||_inf = 0.00000000000000000000, ||V_lower^k - V_lower^k-1||_inf = 1.18857658763167339799, delta^k = -1.18857658763167339799
    Local Iteration   7: ||V_upper^k - V_upper^k-1||_inf = 0.00000000000000000000, ||V_lower^k - V_lower^k-1||_inf = 0.40633688465206363460, delta^k = -0.40633688465206363460
    Local Iteration   8: ||V_upper^k - V_upper^k-1||_inf = 0.00000000000000000000, ||V_lower^k - V_lower^k-1||_inf = 0.20914561150817490010, delta^k = -0.20914561150817490010
    Local Iteration   9: ||V_upper^k - V_upper^k-1||_inf = 0.00000000000000000000, ||V_lower^k - V_lower^k-1||_inf = 0.00000000000000000000, delta^k = 0.00000000000000000000

============================================================
 CONSERVATIVE STOPPING CONDITION MET (Algorithm 3)
============================================================
  delta^k = 0.0000000000e+00 >= -delta_max
  ||V_upper^k - V_upper^k-1||_inf = 0.0000000000e+00 < 1e-08
  eps_cons = (0.9 * 0.0000000000e+00) / 0.1 = 0.0000000000e+00
  Correcting V_lower for 190125 cells: V_lower <- V_lower - eps_cons - eps_machine
   Conservative correction applied successfully
  Machine epsilon eps_machine = 2.220e-16
    Local VI completed in 9 iterations
    Final convergence values:
      ||V_upper^final - V_upper^prev||_inf = 0.00000000e+00
      ||V_lower^final - V_lower^prev||_inf = 0.00000000e+00
  Local VI completed in 9 iterations, time: 3.110s
    Final ||V_upper^k - V_upper^k-1||_inf = 0.00000000000000000000e+00
    Final ||V_lower^k - V_lower^k-1||_inf = 0.00000000000000000000e+00
  Saved visualization: /Users/i.k.tabbara/Documents/python directory/HSCC_2027/refactored_Implementations/results_hscc_2027/ra_nodiscount/bicycle_res5_eps0.1_dmin1e-08_dmax1e-08_gamma0.9_dt0.3_tau0.3_cons/value_function_phase_6_complete.png
  Phase 6 completed in 3.67s with 190125 leaf cells

Classification after phase 6:
  Safe:             1000 cells (  0.5%),    0.5% of state space
  Unsafe:           6125 cells (  3.2%),    8.0% of state space
  Unclassified:   183000 cells ( 96.3%),   91.5% of state space

======================================================================
REFINEMENT PHASE 7
======================================================================
Boundary cells: 183000
  Refinable (>eta_min=0.035355): 183000
  Below threshold: 0
  Cumulative refined: 187000
  Refinable cell size statistics:
    Max:    0.400000
    Mean:   0.400000
    Min:    0.400000
    Median: 0.400000
  Refining 183000 cells...
    Refined: 183000 parent cells
    Created: 366000 child cells
    Total cells: 373125
    Refinement time: 0.018s
    Cumulative refined: 370000
  Rebuilding spatial index...
  Building spatial index for 373125 cells...
   Spatial index built in 0.10s
    Spatial index rebuilt in 0.098s
  Initializing 366000 new cells...
  Initializing 366000 new cells in parallel...
   Initialized in 0.00s (366978732.3 cells/s)
    Initialization completed in 0.001s
  Starting local value iteration...
  Reinitializing ALL 373125 cells to l_lower/l_upper (Lemma 1 requirement)
   Reinitialized 373125 cells in 0.00s (377529638.3 cells/s)
  Local VI: updating all 373125 cells
    Conservative mode: True
    delta_max: 1e-08
    Max iterations: 20000
    Updating successor cache for 366000 updated cells...
    Updating successor cache for 366000 new cells (HYBRID)...
      Affected cells: 373125
   Trajectories + spatial queries computed in 3.99s (841802.1 tasks/s)
    Breakdown: 17.0% ODE, 83.0% queries
     Cache updated in 4.17s (806217.6 tasks/s)
    Local Iteration   1: ||V_upper^k - V_upper^k-1||_inf = 0.00000000000000000000, ||V_lower^k - V_lower^k-1||_inf = 3.50836450585540271518, delta^k = -3.50836450585540271518
    Local Iteration   2: ||V_upper^k - V_upper^k-1||_inf = 0.00000000000000000000, ||V_lower^k - V_lower^k-1||_inf = 2.87859106771847139683, delta^k = -2.87859106771847139683
    Local Iteration   3: ||V_upper^k - V_upper^k-1||_inf = 0.00000000000000000000, ||V_lower^k - V_lower^k-1||_inf = 2.15135668121550516219, delta^k = -2.15135668121550516219
    Local Iteration   4: ||V_upper^k - V_upper^k-1||_inf = 0.00000000000000000000, ||V_lower^k - V_lower^k-1||_inf = 1.95678123078014931657, delta^k = -1.95678123078014931657
    Local Iteration   5: ||V_upper^k - V_upper^k-1||_inf = 0.00000000000000000000, ||V_lower^k - V_lower^k-1||_inf = 1.18857658763167339799, delta^k = -1.18857658763167339799
    Local Iteration   6: ||V_upper^k - V_upper^k-1||_inf = 0.00000000000000000000, ||V_lower^k - V_lower^k-1||_inf = 1.18857658763167339799, delta^k = -1.18857658763167339799
    Local Iteration   7: ||V_upper^k - V_upper^k-1||_inf = 0.00000000000000000000, ||V_lower^k - V_lower^k-1||_inf = 1.18857658763167339799, delta^k = -1.18857658763167339799
    Local Iteration   8: ||V_upper^k - V_upper^k-1||_inf = 0.00000000000000000000, ||V_lower^k - V_lower^k-1||_inf = 1.18857658763167339799, delta^k = -1.18857658763167339799
    Local Iteration   9: ||V_upper^k - V_upper^k-1||_inf = 0.00000000000000000000, ||V_lower^k - V_lower^k-1||_inf = 1.18857658763167339799, delta^k = -1.18857658763167339799
    Local Iteration  10: ||V_upper^k - V_upper^k-1||_inf = 0.00000000000000000000, ||V_lower^k - V_lower^k-1||_inf = 0.48359201295611153881, delta^k = -0.48359201295611153881
    Local Iteration  11: ||V_upper^k - V_upper^k-1||_inf = 0.00000000000000000000, ||V_lower^k - V_lower^k-1||_inf = 0.38918741284871805064, delta^k = -0.38918741284871805064
    Local Iteration  12: ||V_upper^k - V_upper^k-1||_inf = 0.00000000000000000000, ||V_lower^k - V_lower^k-1||_inf = 0.06122974656261614967, delta^k = -0.06122974656261614967
    Local Iteration  13: ||V_upper^k - V_upper^k-1||_inf = 0.00000000000000000000, ||V_lower^k - V_lower^k-1||_inf = 0.00000000000000000000, delta^k = 0.00000000000000000000

============================================================
 CONSERVATIVE STOPPING CONDITION MET (Algorithm 3)
============================================================
  delta^k = 0.0000000000e+00 >= -delta_max
  ||V_upper^k - V_upper^k-1||_inf = 0.0000000000e+00 < 1e-08
  eps_cons = (0.9 * 0.0000000000e+00) / 0.1 = 0.0000000000e+00
  Correcting V_lower for 373125 cells: V_lower <- V_lower - eps_cons - eps_machine
   Conservative correction applied successfully
  Machine epsilon eps_machine = 2.220e-16
    Local VI completed in 13 iterations
    Final convergence values:
      ||V_upper^final - V_upper^prev||_inf = 0.00000000e+00
      ||V_lower^final - V_lower^prev||_inf = 0.00000000e+00
  Local VI completed in 13 iterations, time: 6.020s
    Final ||V_upper^k - V_upper^k-1||_inf = 0.00000000000000000000e+00
    Final ||V_lower^k - V_lower^k-1||_inf = 0.00000000000000000000e+00
  Saved visualization: /Users/i.k.tabbara/Documents/python directory/HSCC_2027/refactored_Implementations/results_hscc_2027/ra_nodiscount/bicycle_res5_eps0.1_dmin1e-08_dmax1e-08_gamma0.9_dt0.3_tau0.3_cons/value_function_phase_7_complete.png
  Phase 7 completed in 6.78s with 373125 leaf cells

Classification after phase 7:
  Safe:             1000 cells (  0.3%),    0.5% of state space
  Unsafe:          18125 cells (  4.9%),   11.0% of state space
  Unclassified:   354000 cells ( 94.9%),   88.5% of state space

======================================================================
REFINEMENT PHASE 8
======================================================================
Boundary cells: 354000
  Refinable (>eta_min=0.035355): 354000
  Below threshold: 0
  Cumulative refined: 370000
  Refinable cell size statistics:
    Max:    0.314159
    Mean:   0.314159
    Min:    0.314159
    Median: 0.314159
  Refining 354000 cells...
    Refined: 354000 parent cells
    Created: 708000 child cells
    Total cells: 727125
    Refinement time: 0.051s
    Cumulative refined: 724000
  Rebuilding spatial index...
  Building spatial index for 727125 cells...
   Spatial index built in 0.44s
    Spatial index rebuilt in 0.438s
  Initializing 708000 new cells...
  Initializing 708000 new cells in parallel...
   Initialized in 0.01s (112291831.9 cells/s)
    Initialization completed in 0.006s
  Starting local value iteration...
  Reinitializing ALL 727125 cells to l_lower/l_upper (Lemma 1 requirement)
   Reinitialized 727125 cells in 0.00s (344874607.2 cells/s)
  Local VI: updating all 727125 cells
    Conservative mode: True
    delta_max: 1e-08
    Max iterations: 20000
    Updating successor cache for 708000 updated cells...
    Updating successor cache for 708000 new cells (HYBRID)...
      Affected cells: 727085
   Trajectories + spatial queries computed in 19.73s (331625.6 tasks/s)
    Breakdown: 11.1% ODE, 88.9% queries
     Cache updated in 20.38s (321037.7 tasks/s)
    Local Iteration   1: ||V_upper^k - V_upper^k-1||_inf = 0.00000000000000000000, ||V_lower^k - V_lower^k-1||_inf = 3.51837661840735682617, delta^k = -3.51837661840735682617
    Local Iteration   2: ||V_upper^k - V_upper^k-1||_inf = 0.00000000000000000000, ||V_lower^k - V_lower^k-1||_inf = 3.09411254969542826032, delta^k = -3.09411254969542826032
    Local Iteration   3: ||V_upper^k - V_upper^k-1||_inf = 0.00000000000000000000, ||V_lower^k - V_lower^k-1||_inf = 2.16136879376745927317, delta^k = -2.16136879376745927317
    Local Iteration   4: ||V_upper^k - V_upper^k-1||_inf = 0.00000000000000000000, ||V_lower^k - V_lower^k-1||_inf = 1.96679334333210342756, delta^k = -1.96679334333210342756
    Local Iteration   5: ||V_upper^k - V_upper^k-1||_inf = 0.00000000000000000000, ||V_lower^k - V_lower^k-1||_inf = 1.18857658763167339799, delta^k = -1.18857658763167339799
    Local Iteration   6: ||V_upper^k - V_upper^k-1||_inf = 0.00000000000000000000, ||V_lower^k - V_lower^k-1||_inf = 1.18857658763167339799, delta^k = -1.18857658763167339799
    Local Iteration   7: ||V_upper^k - V_upper^k-1||_inf = 0.00000000000000000000, ||V_lower^k - V_lower^k-1||_inf = 1.18857658763167339799, delta^k = -1.18857658763167339799
    Local Iteration   8: ||V_upper^k - V_upper^k-1||_inf = 0.00000000000000000000, ||V_lower^k - V_lower^k-1||_inf = 1.18857658763167339799, delta^k = -1.18857658763167339799
    Local Iteration   9: ||V_upper^k - V_upper^k-1||_inf = 0.00000000000000000000, ||V_lower^k - V_lower^k-1||_inf = 1.18857658763167339799, delta^k = -1.18857658763167339799
    Local Iteration  10: ||V_upper^k - V_upper^k-1||_inf = 0.00000000000000000000, ||V_lower^k - V_lower^k-1||_inf = 0.49043149943753450160, delta^k = -0.49043149943753450160
    Local Iteration  11: ||V_upper^k - V_upper^k-1||_inf = 0.00000000000000000000, ||V_lower^k - V_lower^k-1||_inf = 0.38918741284871805064, delta^k = -0.38918741284871805064
    Local Iteration  12: ||V_upper^k - V_upper^k-1||_inf = 0.00000000000000000000, ||V_lower^k - V_lower^k-1||_inf = 0.07124185911457026066, delta^k = -0.07124185911457026066
    Local Iteration  13: ||V_upper^k - V_upper^k-1||_inf = 0.00000000000000000000, ||V_lower^k - V_lower^k-1||_inf = 0.00000000000000000000, delta^k = 0.00000000000000000000

============================================================
 CONSERVATIVE STOPPING CONDITION MET (Algorithm 3)
============================================================
  delta^k = 0.0000000000e+00 >= -delta_max
  ||V_upper^k - V_upper^k-1||_inf = 0.0000000000e+00 < 1e-08
  eps_cons = (0.9 * 0.0000000000e+00) / 0.1 = 0.0000000000e+00
  Correcting V_lower for 727125 cells: V_lower <- V_lower - eps_cons - eps_machine
   Conservative correction applied successfully
  Machine epsilon eps_machine = 2.220e-16
    Local VI completed in 13 iterations
    Final convergence values:
      ||V_upper^final - V_upper^prev||_inf = 0.00000000e+00
      ||V_lower^final - V_lower^prev||_inf = 0.00000000e+00
  Local VI completed in 13 iterations, time: 46.830s
    Final ||V_upper^k - V_upper^k-1||_inf = 0.00000000000000000000e+00
    Final ||V_lower^k - V_lower^k-1||_inf = 0.00000000000000000000e+00
  Saved visualization: /Users/i.k.tabbara/Documents/python directory/HSCC_2027/refactored_Implementations/results_hscc_2027/ra_nodiscount/bicycle_res5_eps0.1_dmin1e-08_dmax1e-08_gamma0.9_dt0.3_tau0.3_cons/value_function_phase_8_complete.png
  Phase 8 completed in 47.87s with 727125 leaf cells

Classification after phase 8:
  Safe:             1000 cells (  0.1%),    0.5% of state space
  Unsafe:          18125 cells (  2.5%),   11.0% of state space
  Unclassified:   708000 cells ( 97.4%),   88.5% of state space

======================================================================
REFINEMENT PHASE 9
======================================================================
Boundary cells: 708000
  Refinable (>eta_min=0.035355): 708000
  Below threshold: 0
  Cumulative refined: 724000
  Refinable cell size statistics:
    Max:    0.300000
    Mean:   0.300000
    Min:    0.300000
    Median: 0.300000
  Refining 708000 cells...
    Refined: 708000 parent cells
    Created: 1416000 child cells
    Total cells: 1435125
    Refinement time: 0.290s
    Cumulative refined: 1432000
  Rebuilding spatial index...
  Building spatial index for 1435125 cells...
   Spatial index built in 0.59s
    Spatial index rebuilt in 0.585s
  Initializing 1416000 new cells...
  Initializing 1416000 new cells in parallel...
   Initialized in 0.00s (370648220.8 cells/s)
    Initialization completed in 0.004s
  Starting local value iteration...
  Reinitializing ALL 1435125 cells to l_lower/l_upper (Lemma 1 requirement)
   Reinitialized 1435125 cells in 0.00s (353406467.7 cells/s)
  Local VI: updating all 1435125 cells
    Conservative mode: True
    delta_max: 1e-08
    Max iterations: 20000
    Updating successor cache for 1416000 updated cells...
    Updating successor cache for 1416000 new cells (HYBRID)...
      Affected cells: 1435085
   Trajectories + spatial queries computed in 29.19s (442501.6 tasks/s)
    Breakdown: 8.7% ODE, 91.3% queries
     Cache updated in 31.52s (409788.6 tasks/s)
